[    1319ms] [WARNING] Failed to inject root provider minified:aFK: Invalid argument(s): No provider found for minified:amu @ https://www.gstatic.com/awn/conversions/awn_conversions_ui_auto_20260720-0623_RC000/aw_conversions/main.dart.js:86795
[    8554ms] [INFO] Autofocus processing was blocked because a document already has a focused element. @ https://ads.google.com/aw/conversions?ocid=352199970&euid=753051536&__u=4291234064&uscid=352199970&__c=4148624530&authuser=1:0
[    8832ms] [WARNING] No available adapters. @ https://ads.google.com/aw/conversions?ocid=352199970&euid=753051536&__u=4291234064&uscid=352199970&__c=4148624530&authuser=1:0
[   10063ms] [WARNING] Failed to inject root provider minified:a7Q: Invalid argument(s): No provider found for minified:eaE('') @ https://www.gstatic.com/awn/conversions/awn_conversions_ui_auto_20260720-0623_RC000/aw_conversions/main.dart.js:86795
[   10063ms] [WARNING] Failed to inject root provider minified:aoq: Invalid argument(s): No provider found for minified:a27 @ https://www.gstatic.com/awn/conversions/awn_conversions_ui_auto_20260720-0623_RC000/aw_conversions/main.dart.js:86795
[   10064ms] [WARNING] Failed to inject root provider minified:a7Q: Invalid argument(s): No provider found for minified:eaE('') @ https://www.gstatic.com/awn/conversions/awn_conversions_ui_auto_20260720-0623_RC000/aw_conversions/main.dart.js:86795
[   10064ms] [WARNING] Failed to inject root provider minified:ayU: Invalid argument(s): No provider found for minified:amu @ https://www.gstatic.com/awn/conversions/awn_conversions_ui_auto_20260720-0623_RC000/aw_conversions/main.dart.js:86795
[   10067ms] [WARNING] Failed to inject root provider minified:aQ5: Invalid argument(s): No provider found for minified:amu @ https://www.gstatic.com/awn/conversions/awn_conversions_ui_auto_20260720-0623_RC000/aw_conversions/main.dart.js:86795
[   10074ms] [ERROR] [CONVERSIONS] 2026-07-21 21:53:33.414 SEVERE 0 ActivityContext Neither name nor overrideName were set! Did you forget to add ActivityContextDirective to directives? Or to set the name in the constructor?; autogenerated stack trace for SEVERE Neither name nor overrideName were set! Did you forget to add ActivityContextDirective to directives? Or to set the name in the constructor?
Error
    at Object.o3 (https://www.gstatic.com/awn/conversions/awn_conversions_ui_auto_20260720-0623_RC000/aw_conversions/main.dart.js:4133:18)
    at bRv.aJ (https://www.gstatic.com/awn/conversions/awn_conversions_ui_auto_20260720-0623_RC000/aw_conversions/main.dart.js:73809:45)
    at bRv.El (https://www.gstatic.com/awn/conversions/awn_conversions_ui_auto_20260720-0623_RC000/aw_conversions/main.dart.js:73815:21)
    at aC.gaD (https://www.gstatic.com/awn/conversions/awn_conversions_ui_auto_20260720-0623_RC000/aw_conversions/main.dart.js:47541:36)
    at aC.cvy (https://www.gstatic.com/awn/conversions/awn_conversions_ui_auto_20260720-0623_RC000/aw_conversions/main.dart.js:47548:6)
    at aC.gO2 (https://www.gstatic.com/awn/conversions/awn_conversions_ui_auto_20260720-0623_RC000/aw_conversions/main.dart.js:47546:28)
    at afY.c_k (https://www.gstatic.com/awn/conversions/awn_conversions_ui_auto_20260720-0623_RC000/aw_conversions/main.dart.js.bundle.conversion_summary_table.js:205933:25)
    at qS.ac (https://www.gstatic.com/awn/conversions/awn_conversions_ui_auto_20260720-0623_RC000/aw_conversions/main.dart.js.bundle.conversion_summary_table.js:325568:33)
    at fbu.u (https://www.gstatic.com/awn/conversions/awn_conversions_ui_auto_20260720-0623_RC000/aw_conversions/main.dart.js.bundle.conversion_summary_table.js:393031:10)
    at fbu.H (https://www.gstatic.com/awn/conversions/awn_conversions_ui_auto_20260720-0623_RC000/aw_conversions/main.dart.js:86373:10)
URL=https://ads.google.com/aw/conversions?ocid=352199970&euid=753051536&__u=4291234064&uscid=352199970&__c=4148624530&authuser=1 @ https://www.gstatic.com/awn/conversions/awn_conversions_ui_auto_20260720-0623_RC000/aw_conversions/main.dart.js:43016
[   10080ms] [WARNING] Failed to inject root provider minified:aQ5: Invalid argument(s): No provider found for minified:amu @ https://www.gstatic.com/awn/conversions/awn_conversions_ui_auto_20260720-0623_RC000/aw_conversions/main.dart.js:86795
[   10102ms] [WARNING] Failed to inject root provider minified:aQ5: Invalid argument(s): No provider found for minified:amu @ https://www.gstatic.com/awn/conversions/awn_conversions_ui_auto_20260720-0623_RC000/aw_conversions/main.dart.js:86795
[   10110ms] [WARNING] Failed to inject root provider minified:aQ5: Invalid argument(s): No provider found for minified:amu @ https://www.gstatic.com/awn/conversions/awn_conversions_ui_auto_20260720-0623_RC000/aw_conversions/main.dart.js:86795
[   10116ms] [WARNING] Failed to inject root provider minified:aQ5: Invalid argument(s): No provider found for minified:amu @ https://www.gstatic.com/awn/conversions/awn_conversions_ui_auto_20260720-0623_RC000/aw_conversions/main.dart.js:86795
[   10122ms] [WARNING] Failed to inject root provider minified:aQ5: Invalid argument(s): No provider found for minified:amu @ https://www.gstatic.com/awn/conversions/awn_conversions_ui_auto_20260720-0623_RC000/aw_conversions/main.dart.js:86795
[   10128ms] [WARNING] Failed to inject root provider minified:aQ5: Invalid argument(s): No provider found for minified:amu @ https://www.gstatic.com/awn/conversions/awn_conversions_ui_auto_20260720-0623_RC000/aw_conversions/main.dart.js:86795
[   10134ms] [WARNING] Failed to inject root provider minified:aQ5: Invalid argument(s): No provider found for minified:amu @ https://www.gstatic.com/awn/conversions/awn_conversions_ui_auto_20260720-0623_RC000/aw_conversions/main.dart.js:86795
[   10140ms] [WARNING] Failed to inject root provider minified:aQ5: Invalid argument(s): No provider found for minified:amu @ https://www.gstatic.com/awn/conversions/awn_conversions_ui_auto_20260720-0623_RC000/aw_conversions/main.dart.js:86795
[   10146ms] [WARNING] Failed to inject root provider minified:aQ5: Invalid argument(s): No provider found for minified:amu @ https://www.gstatic.com/awn/conversions/awn_conversions_ui_auto_20260720-0623_RC000/aw_conversions/main.dart.js:86795
[   10342ms] [ERROR] Framing 'https://tagmanager.google.com/' violates the following report-only Content Security Policy directive: "frame-ancestors 'self'". The violation has been logged, but no further action has been taken.
 @ :0
