[    1964ms] [WARNING] No available adapters. @ https://ads.google.com/aw/keywords?ocid=352199970&euid=753051536&__u=4291234064&uscid=352199970&__c=4148624530&authuser=1:0
[   43794ms] [ERROR] focusgroup requires a recognized behavior token (toolbar, tablist, radiogroup, listbox, menu, menubar). @ https://www.gstatic.com/_/awn-essentials-mss/_/js/k=awn-essentials-mss.essentials_sharded_localization.es.cyR8x4g9en0.es6.O/d=1/br=1/wt=0/rs=AIw_rMqeZVJ4OnnDIIFLXN-ahkEryykQ_Q/m=_c,_t,_b:33672
[   43795ms] [ERROR] focusgroup requires a recognized behavior token (toolbar, tablist, radiogroup, listbox, menu, menubar). @ https://www.gstatic.com/_/awn-essentials-mss/_/js/k=awn-essentials-mss.essentials_sharded_localization.es.cyR8x4g9en0.es6.O/d=1/br=1/wt=0/rs=AIw_rMqeZVJ4OnnDIIFLXN-ahkEryykQ_Q/m=_c,_t,_b:33682
[   43799ms] [ERROR] focusgroup requires a recognized behavior token (toolbar, tablist, radiogroup, listbox, menu, menubar). @ https://www.gstatic.com/_/awn-essentials-mss/_/js/k=awn-essentials-mss.essentials_sharded_localization.es.cyR8x4g9en0.es6.O/d=1/br=1/wt=0/rs=AIw_rMqeZVJ4OnnDIIFLXN-ahkEryykQ_Q/m=_c,_t,_b:33672
[   43800ms] [ERROR] focusgroup requires a recognized behavior token (toolbar, tablist, radiogroup, listbox, menu, menubar). @ https://www.gstatic.com/_/awn-essentials-mss/_/js/k=awn-essentials-mss.essentials_sharded_localization.es.cyR8x4g9en0.es6.O/d=1/br=1/wt=0/rs=AIw_rMqeZVJ4OnnDIIFLXN-ahkEryykQ_Q/m=_c,_t,_b:33682
[   43801ms] [ERROR] focusgroup requires a recognized behavior token (toolbar, tablist, radiogroup, listbox, menu, menubar). @ https://www.gstatic.com/_/awn-essentials-mss/_/js/k=awn-essentials-mss.essentials_sharded_localization.es.cyR8x4g9en0.es6.O/d=1/br=1/wt=0/rs=AIw_rMqeZVJ4OnnDIIFLXN-ahkEryykQ_Q/m=_c,_t,_b:33672
[   43801ms] [ERROR] focusgroup requires a recognized behavior token (toolbar, tablist, radiogroup, listbox, menu, menubar). @ https://www.gstatic.com/_/awn-essentials-mss/_/js/k=awn-essentials-mss.essentials_sharded_localization.es.cyR8x4g9en0.es6.O/d=1/br=1/wt=0/rs=AIw_rMqeZVJ4OnnDIIFLXN-ahkEryykQ_Q/m=_c,_t,_b:33682
[   43802ms] [ERROR] focusgroup requires a recognized behavior token (toolbar, tablist, radiogroup, listbox, menu, menubar). @ https://www.gstatic.com/_/awn-essentials-mss/_/js/k=awn-essentials-mss.essentials_sharded_localization.es.cyR8x4g9en0.es6.O/d=1/br=1/wt=0/rs=AIw_rMqeZVJ4OnnDIIFLXN-ahkEryykQ_Q/m=_c,_t,_b:33672
[   43803ms] [ERROR] focusgroup requires a recognized behavior token (toolbar, tablist, radiogroup, listbox, menu, menubar). @ https://www.gstatic.com/_/awn-essentials-mss/_/js/k=awn-essentials-mss.essentials_sharded_localization.es.cyR8x4g9en0.es6.O/d=1/br=1/wt=0/rs=AIw_rMqeZVJ4OnnDIIFLXN-ahkEryykQ_Q/m=_c,_t,_b:33682
[   43804ms] [ERROR] focusgroup requires a recognized behavior token (toolbar, tablist, radiogroup, listbox, menu, menubar). @ https://www.gstatic.com/_/awn-essentials-mss/_/js/k=awn-essentials-mss.essentials_sharded_localization.es.cyR8x4g9en0.es6.O/d=1/br=1/wt=0/rs=AIw_rMqeZVJ4OnnDIIFLXN-ahkEryykQ_Q/m=_c,_t,_b:33672
[   43805ms] [ERROR] focusgroup requires a recognized behavior token (toolbar, tablist, radiogroup, listbox, menu, menubar). @ https://www.gstatic.com/_/awn-essentials-mss/_/js/k=awn-essentials-mss.essentials_sharded_localization.es.cyR8x4g9en0.es6.O/d=1/br=1/wt=0/rs=AIw_rMqeZVJ4OnnDIIFLXN-ahkEryykQ_Q/m=_c,_t,_b:33682
[   43805ms] [ERROR] focusgroup requires a recognized behavior token (toolbar, tablist, radiogroup, listbox, menu, menubar). @ https://www.gstatic.com/_/awn-essentials-mss/_/js/k=awn-essentials-mss.essentials_sharded_localization.es.cyR8x4g9en0.es6.O/d=1/br=1/wt=0/rs=AIw_rMqeZVJ4OnnDIIFLXN-ahkEryykQ_Q/m=_c,_t,_b:33672
[   43806ms] [ERROR] focusgroup requires a recognized behavior token (toolbar, tablist, radiogroup, listbox, menu, menubar). @ https://www.gstatic.com/_/awn-essentials-mss/_/js/k=awn-essentials-mss.essentials_sharded_localization.es.cyR8x4g9en0.es6.O/d=1/br=1/wt=0/rs=AIw_rMqeZVJ4OnnDIIFLXN-ahkEryykQ_Q/m=_c,_t,_b:33682
[   43807ms] [ERROR] focusgroup requires a recognized behavior token (toolbar, tablist, radiogroup, listbox, menu, menubar). @ https://www.gstatic.com/_/awn-essentials-mss/_/js/k=awn-essentials-mss.essentials_sharded_localization.es.cyR8x4g9en0.es6.O/d=1/br=1/wt=0/rs=AIw_rMqeZVJ4OnnDIIFLXN-ahkEryykQ_Q/m=_c,_t,_b:33672
[   43807ms] [ERROR] focusgroup requires a recognized behavior token (toolbar, tablist, radiogroup, listbox, menu, menubar). @ https://www.gstatic.com/_/awn-essentials-mss/_/js/k=awn-essentials-mss.essentials_sharded_localization.es.cyR8x4g9en0.es6.O/d=1/br=1/wt=0/rs=AIw_rMqeZVJ4OnnDIIFLXN-ahkEryykQ_Q/m=_c,_t,_b:33682
[   43808ms] [ERROR] focusgroup requires a recognized behavior token (toolbar, tablist, radiogroup, listbox, menu, menubar). @ https://www.gstatic.com/_/awn-essentials-mss/_/js/k=awn-essentials-mss.essentials_sharded_localization.es.cyR8x4g9en0.es6.O/d=1/br=1/wt=0/rs=AIw_rMqeZVJ4OnnDIIFLXN-ahkEryykQ_Q/m=_c,_t,_b:33672
[   43808ms] [ERROR] focusgroup requires a recognized behavior token (toolbar, tablist, radiogroup, listbox, menu, menubar). @ https://www.gstatic.com/_/awn-essentials-mss/_/js/k=awn-essentials-mss.essentials_sharded_localization.es.cyR8x4g9en0.es6.O/d=1/br=1/wt=0/rs=AIw_rMqeZVJ4OnnDIIFLXN-ahkEryykQ_Q/m=_c,_t,_b:33682
[   43809ms] [ERROR] focusgroup requires a recognized behavior token (toolbar, tablist, radiogroup, listbox, menu, menubar). @ https://www.gstatic.com/_/awn-essentials-mss/_/js/k=awn-essentials-mss.essentials_sharded_localization.es.cyR8x4g9en0.es6.O/d=1/br=1/wt=0/rs=AIw_rMqeZVJ4OnnDIIFLXN-ahkEryykQ_Q/m=_c,_t,_b:33672
[   43809ms] [ERROR] focusgroup requires a recognized behavior token (toolbar, tablist, radiogroup, listbox, menu, menubar). @ https://www.gstatic.com/_/awn-essentials-mss/_/js/k=awn-essentials-mss.essentials_sharded_localization.es.cyR8x4g9en0.es6.O/d=1/br=1/wt=0/rs=AIw_rMqeZVJ4OnnDIIFLXN-ahkEryykQ_Q/m=_c,_t,_b:33682
[   43810ms] [ERROR] focusgroup requires a recognized behavior token (toolbar, tablist, radiogroup, listbox, menu, menubar). @ https://www.gstatic.com/_/awn-essentials-mss/_/js/k=awn-essentials-mss.essentials_sharded_localization.es.cyR8x4g9en0.es6.O/d=1/br=1/wt=0/rs=AIw_rMqeZVJ4OnnDIIFLXN-ahkEryykQ_Q/m=_c,_t,_b:33672
[   43811ms] [ERROR] focusgroup requires a recognized behavior token (toolbar, tablist, radiogroup, listbox, menu, menubar). @ https://www.gstatic.com/_/awn-essentials-mss/_/js/k=awn-essentials-mss.essentials_sharded_localization.es.cyR8x4g9en0.es6.O/d=1/br=1/wt=0/rs=AIw_rMqeZVJ4OnnDIIFLXN-ahkEryykQ_Q/m=_c,_t,_b:33682
[   43811ms] [ERROR] focusgroup requires a recognized behavior token (toolbar, tablist, radiogroup, listbox, menu, menubar). @ https://www.gstatic.com/_/awn-essentials-mss/_/js/k=awn-essentials-mss.essentials_sharded_localization.es.cyR8x4g9en0.es6.O/d=1/br=1/wt=0/rs=AIw_rMqeZVJ4OnnDIIFLXN-ahkEryykQ_Q/m=_c,_t,_b:33672
[   43812ms] [ERROR] focusgroup requires a recognized behavior token (toolbar, tablist, radiogroup, listbox, menu, menubar). @ https://www.gstatic.com/_/awn-essentials-mss/_/js/k=awn-essentials-mss.essentials_sharded_localization.es.cyR8x4g9en0.es6.O/d=1/br=1/wt=0/rs=AIw_rMqeZVJ4OnnDIIFLXN-ahkEryykQ_Q/m=_c,_t,_b:33682
[   43812ms] [ERROR] focusgroup requires a recognized behavior token (toolbar, tablist, radiogroup, listbox, menu, menubar). @ https://www.gstatic.com/_/awn-essentials-mss/_/js/k=awn-essentials-mss.essentials_sharded_localization.es.cyR8x4g9en0.es6.O/d=1/br=1/wt=0/rs=AIw_rMqeZVJ4OnnDIIFLXN-ahkEryykQ_Q/m=_c,_t,_b:33672
[   43812ms] [ERROR] focusgroup requires a recognized behavior token (toolbar, tablist, radiogroup, listbox, menu, menubar). @ https://www.gstatic.com/_/awn-essentials-mss/_/js/k=awn-essentials-mss.essentials_sharded_localization.es.cyR8x4g9en0.es6.O/d=1/br=1/wt=0/rs=AIw_rMqeZVJ4OnnDIIFLXN-ahkEryykQ_Q/m=_c,_t,_b:33682
[   43813ms] [ERROR] focusgroup requires a recognized behavior token (toolbar, tablist, radiogroup, listbox, menu, menubar). @ https://www.gstatic.com/_/awn-essentials-mss/_/js/k=awn-essentials-mss.essentials_sharded_localization.es.cyR8x4g9en0.es6.O/d=1/br=1/wt=0/rs=AIw_rMqeZVJ4OnnDIIFLXN-ahkEryykQ_Q/m=_c,_t,_b:33672
[   43813ms] [ERROR] focusgroup requires a recognized behavior token (toolbar, tablist, radiogroup, listbox, menu, menubar). @ https://www.gstatic.com/_/awn-essentials-mss/_/js/k=awn-essentials-mss.essentials_sharded_localization.es.cyR8x4g9en0.es6.O/d=1/br=1/wt=0/rs=AIw_rMqeZVJ4OnnDIIFLXN-ahkEryykQ_Q/m=_c,_t,_b:33682
[   43815ms] [INFO] Autofocus processing was blocked because a document already has a focused element. @ https://ads.google.com/aw/keywords?ocid=352199970&euid=753051536&__u=4291234064&uscid=352199970&__c=4148624530&authuser=1:0
[  181840ms] [WARNING] No available adapters. @ https://ads.google.com/aw/keywords?campaignId=8079692809&ocid=352199970&workspaceId=0&euid=753051536&__u=4291234064&uscid=352199970&__c=4148624530&authuser=1:0
[  207495ms] [ERROR] focusgroup requires a recognized behavior token (toolbar, tablist, radiogroup, listbox, menu, menubar). @ https://www.gstatic.com/_/awn-essentials-mss/_/js/k=awn-essentials-mss.essentials_sharded_localization.es.cyR8x4g9en0.es6.O/d=1/br=1/wt=0/rs=AIw_rMqeZVJ4OnnDIIFLXN-ahkEryykQ_Q/m=_c,_t,_b:33672
[  207495ms] [ERROR] focusgroup requires a recognized behavior token (toolbar, tablist, radiogroup, listbox, menu, menubar). @ https://www.gstatic.com/_/awn-essentials-mss/_/js/k=awn-essentials-mss.essentials_sharded_localization.es.cyR8x4g9en0.es6.O/d=1/br=1/wt=0/rs=AIw_rMqeZVJ4OnnDIIFLXN-ahkEryykQ_Q/m=_c,_t,_b:33682
[  207496ms] [ERROR] focusgroup requires a recognized behavior token (toolbar, tablist, radiogroup, listbox, menu, menubar). @ https://www.gstatic.com/_/awn-essentials-mss/_/js/k=awn-essentials-mss.essentials_sharded_localization.es.cyR8x4g9en0.es6.O/d=1/br=1/wt=0/rs=AIw_rMqeZVJ4OnnDIIFLXN-ahkEryykQ_Q/m=_c,_t,_b:33672
[  207497ms] [ERROR] focusgroup requires a recognized behavior token (toolbar, tablist, radiogroup, listbox, menu, menubar). @ https://www.gstatic.com/_/awn-essentials-mss/_/js/k=awn-essentials-mss.essentials_sharded_localization.es.cyR8x4g9en0.es6.O/d=1/br=1/wt=0/rs=AIw_rMqeZVJ4OnnDIIFLXN-ahkEryykQ_Q/m=_c,_t,_b:33682
[  207498ms] [ERROR] focusgroup requires a recognized behavior token (toolbar, tablist, radiogroup, listbox, menu, menubar). @ https://www.gstatic.com/_/awn-essentials-mss/_/js/k=awn-essentials-mss.essentials_sharded_localization.es.cyR8x4g9en0.es6.O/d=1/br=1/wt=0/rs=AIw_rMqeZVJ4OnnDIIFLXN-ahkEryykQ_Q/m=_c,_t,_b:33672
[  207498ms] [ERROR] focusgroup requires a recognized behavior token (toolbar, tablist, radiogroup, listbox, menu, menubar). @ https://www.gstatic.com/_/awn-essentials-mss/_/js/k=awn-essentials-mss.essentials_sharded_localization.es.cyR8x4g9en0.es6.O/d=1/br=1/wt=0/rs=AIw_rMqeZVJ4OnnDIIFLXN-ahkEryykQ_Q/m=_c,_t,_b:33682
[  207499ms] [ERROR] focusgroup requires a recognized behavior token (toolbar, tablist, radiogroup, listbox, menu, menubar). @ https://www.gstatic.com/_/awn-essentials-mss/_/js/k=awn-essentials-mss.essentials_sharded_localization.es.cyR8x4g9en0.es6.O/d=1/br=1/wt=0/rs=AIw_rMqeZVJ4OnnDIIFLXN-ahkEryykQ_Q/m=_c,_t,_b:33672
[  207499ms] [ERROR] focusgroup requires a recognized behavior token (toolbar, tablist, radiogroup, listbox, menu, menubar). @ https://www.gstatic.com/_/awn-essentials-mss/_/js/k=awn-essentials-mss.essentials_sharded_localization.es.cyR8x4g9en0.es6.O/d=1/br=1/wt=0/rs=AIw_rMqeZVJ4OnnDIIFLXN-ahkEryykQ_Q/m=_c,_t,_b:33682
[  207500ms] [ERROR] focusgroup requires a recognized behavior token (toolbar, tablist, radiogroup, listbox, menu, menubar). @ https://www.gstatic.com/_/awn-essentials-mss/_/js/k=awn-essentials-mss.essentials_sharded_localization.es.cyR8x4g9en0.es6.O/d=1/br=1/wt=0/rs=AIw_rMqeZVJ4OnnDIIFLXN-ahkEryykQ_Q/m=_c,_t,_b:33672
[  207500ms] [ERROR] focusgroup requires a recognized behavior token (toolbar, tablist, radiogroup, listbox, menu, menubar). @ https://www.gstatic.com/_/awn-essentials-mss/_/js/k=awn-essentials-mss.essentials_sharded_localization.es.cyR8x4g9en0.es6.O/d=1/br=1/wt=0/rs=AIw_rMqeZVJ4OnnDIIFLXN-ahkEryykQ_Q/m=_c,_t,_b:33682
[  207501ms] [ERROR] focusgroup requires a recognized behavior token (toolbar, tablist, radiogroup, listbox, menu, menubar). @ https://www.gstatic.com/_/awn-essentials-mss/_/js/k=awn-essentials-mss.essentials_sharded_localization.es.cyR8x4g9en0.es6.O/d=1/br=1/wt=0/rs=AIw_rMqeZVJ4OnnDIIFLXN-ahkEryykQ_Q/m=_c,_t,_b:33672
[  207501ms] [ERROR] focusgroup requires a recognized behavior token (toolbar, tablist, radiogroup, listbox, menu, menubar). @ https://www.gstatic.com/_/awn-essentials-mss/_/js/k=awn-essentials-mss.essentials_sharded_localization.es.cyR8x4g9en0.es6.O/d=1/br=1/wt=0/rs=AIw_rMqeZVJ4OnnDIIFLXN-ahkEryykQ_Q/m=_c,_t,_b:33682
[  207502ms] [ERROR] focusgroup requires a recognized behavior token (toolbar, tablist, radiogroup, listbox, menu, menubar). @ https://www.gstatic.com/_/awn-essentials-mss/_/js/k=awn-essentials-mss.essentials_sharded_localization.es.cyR8x4g9en0.es6.O/d=1/br=1/wt=0/rs=AIw_rMqeZVJ4OnnDIIFLXN-ahkEryykQ_Q/m=_c,_t,_b:33672
[  207502ms] [ERROR] focusgroup requires a recognized behavior token (toolbar, tablist, radiogroup, listbox, menu, menubar). @ https://www.gstatic.com/_/awn-essentials-mss/_/js/k=awn-essentials-mss.essentials_sharded_localization.es.cyR8x4g9en0.es6.O/d=1/br=1/wt=0/rs=AIw_rMqeZVJ4OnnDIIFLXN-ahkEryykQ_Q/m=_c,_t,_b:33682
[  207502ms] [ERROR] focusgroup requires a recognized behavior token (toolbar, tablist, radiogroup, listbox, menu, menubar). @ https://www.gstatic.com/_/awn-essentials-mss/_/js/k=awn-essentials-mss.essentials_sharded_localization.es.cyR8x4g9en0.es6.O/d=1/br=1/wt=0/rs=AIw_rMqeZVJ4OnnDIIFLXN-ahkEryykQ_Q/m=_c,_t,_b:33672
[  207503ms] [ERROR] focusgroup requires a recognized behavior token (toolbar, tablist, radiogroup, listbox, menu, menubar). @ https://www.gstatic.com/_/awn-essentials-mss/_/js/k=awn-essentials-mss.essentials_sharded_localization.es.cyR8x4g9en0.es6.O/d=1/br=1/wt=0/rs=AIw_rMqeZVJ4OnnDIIFLXN-ahkEryykQ_Q/m=_c,_t,_b:33682
[  207503ms] [ERROR] focusgroup requires a recognized behavior token (toolbar, tablist, radiogroup, listbox, menu, menubar). @ https://www.gstatic.com/_/awn-essentials-mss/_/js/k=awn-essentials-mss.essentials_sharded_localization.es.cyR8x4g9en0.es6.O/d=1/br=1/wt=0/rs=AIw_rMqeZVJ4OnnDIIFLXN-ahkEryykQ_Q/m=_c,_t,_b:33672
[  207504ms] [ERROR] focusgroup requires a recognized behavior token (toolbar, tablist, radiogroup, listbox, menu, menubar). @ https://www.gstatic.com/_/awn-essentials-mss/_/js/k=awn-essentials-mss.essentials_sharded_localization.es.cyR8x4g9en0.es6.O/d=1/br=1/wt=0/rs=AIw_rMqeZVJ4OnnDIIFLXN-ahkEryykQ_Q/m=_c,_t,_b:33682
[  207504ms] [ERROR] focusgroup requires a recognized behavior token (toolbar, tablist, radiogroup, listbox, menu, menubar). @ https://www.gstatic.com/_/awn-essentials-mss/_/js/k=awn-essentials-mss.essentials_sharded_localization.es.cyR8x4g9en0.es6.O/d=1/br=1/wt=0/rs=AIw_rMqeZVJ4OnnDIIFLXN-ahkEryykQ_Q/m=_c,_t,_b:33672
[  207505ms] [ERROR] focusgroup requires a recognized behavior token (toolbar, tablist, radiogroup, listbox, menu, menubar). @ https://www.gstatic.com/_/awn-essentials-mss/_/js/k=awn-essentials-mss.essentials_sharded_localization.es.cyR8x4g9en0.es6.O/d=1/br=1/wt=0/rs=AIw_rMqeZVJ4OnnDIIFLXN-ahkEryykQ_Q/m=_c,_t,_b:33682
[  207505ms] [ERROR] focusgroup requires a recognized behavior token (toolbar, tablist, radiogroup, listbox, menu, menubar). @ https://www.gstatic.com/_/awn-essentials-mss/_/js/k=awn-essentials-mss.essentials_sharded_localization.es.cyR8x4g9en0.es6.O/d=1/br=1/wt=0/rs=AIw_rMqeZVJ4OnnDIIFLXN-ahkEryykQ_Q/m=_c,_t,_b:33672
[  207505ms] [ERROR] focusgroup requires a recognized behavior token (toolbar, tablist, radiogroup, listbox, menu, menubar). @ https://www.gstatic.com/_/awn-essentials-mss/_/js/k=awn-essentials-mss.essentials_sharded_localization.es.cyR8x4g9en0.es6.O/d=1/br=1/wt=0/rs=AIw_rMqeZVJ4OnnDIIFLXN-ahkEryykQ_Q/m=_c,_t,_b:33682
[  207506ms] [ERROR] focusgroup requires a recognized behavior token (toolbar, tablist, radiogroup, listbox, menu, menubar). @ https://www.gstatic.com/_/awn-essentials-mss/_/js/k=awn-essentials-mss.essentials_sharded_localization.es.cyR8x4g9en0.es6.O/d=1/br=1/wt=0/rs=AIw_rMqeZVJ4OnnDIIFLXN-ahkEryykQ_Q/m=_c,_t,_b:33672
[  207506ms] [ERROR] focusgroup requires a recognized behavior token (toolbar, tablist, radiogroup, listbox, menu, menubar). @ https://www.gstatic.com/_/awn-essentials-mss/_/js/k=awn-essentials-mss.essentials_sharded_localization.es.cyR8x4g9en0.es6.O/d=1/br=1/wt=0/rs=AIw_rMqeZVJ4OnnDIIFLXN-ahkEryykQ_Q/m=_c,_t,_b:33682
[  207507ms] [ERROR] focusgroup requires a recognized behavior token (toolbar, tablist, radiogroup, listbox, menu, menubar). @ https://www.gstatic.com/_/awn-essentials-mss/_/js/k=awn-essentials-mss.essentials_sharded_localization.es.cyR8x4g9en0.es6.O/d=1/br=1/wt=0/rs=AIw_rMqeZVJ4OnnDIIFLXN-ahkEryykQ_Q/m=_c,_t,_b:33672
[  207507ms] [ERROR] focusgroup requires a recognized behavior token (toolbar, tablist, radiogroup, listbox, menu, menubar). @ https://www.gstatic.com/_/awn-essentials-mss/_/js/k=awn-essentials-mss.essentials_sharded_localization.es.cyR8x4g9en0.es6.O/d=1/br=1/wt=0/rs=AIw_rMqeZVJ4OnnDIIFLXN-ahkEryykQ_Q/m=_c,_t,_b:33682
[  217266ms] [ERROR] focusgroup requires a recognized behavior token (toolbar, tablist, radiogroup, listbox, menu, menubar). @ https://www.gstatic.com/_/awn-essentials-mss/_/js/k=awn-essentials-mss.essentials_sharded_localization.es.cyR8x4g9en0.es6.O/d=1/br=1/wt=0/rs=AIw_rMqeZVJ4OnnDIIFLXN-ahkEryykQ_Q/m=_c,_t,_b:33672
[  217267ms] [ERROR] focusgroup requires a recognized behavior token (toolbar, tablist, radiogroup, listbox, menu, menubar). @ https://www.gstatic.com/_/awn-essentials-mss/_/js/k=awn-essentials-mss.essentials_sharded_localization.es.cyR8x4g9en0.es6.O/d=1/br=1/wt=0/rs=AIw_rMqeZVJ4OnnDIIFLXN-ahkEryykQ_Q/m=_c,_t,_b:33682
[  217268ms] [ERROR] focusgroup requires a recognized behavior token (toolbar, tablist, radiogroup, listbox, menu, menubar). @ https://www.gstatic.com/_/awn-essentials-mss/_/js/k=awn-essentials-mss.essentials_sharded_localization.es.cyR8x4g9en0.es6.O/d=1/br=1/wt=0/rs=AIw_rMqeZVJ4OnnDIIFLXN-ahkEryykQ_Q/m=_c,_t,_b:33672
[  217269ms] [ERROR] focusgroup requires a recognized behavior token (toolbar, tablist, radiogroup, listbox, menu, menubar). @ https://www.gstatic.com/_/awn-essentials-mss/_/js/k=awn-essentials-mss.essentials_sharded_localization.es.cyR8x4g9en0.es6.O/d=1/br=1/wt=0/rs=AIw_rMqeZVJ4OnnDIIFLXN-ahkEryykQ_Q/m=_c,_t,_b:33682
[  217269ms] [ERROR] focusgroup requires a recognized behavior token (toolbar, tablist, radiogroup, listbox, menu, menubar). @ https://www.gstatic.com/_/awn-essentials-mss/_/js/k=awn-essentials-mss.essentials_sharded_localization.es.cyR8x4g9en0.es6.O/d=1/br=1/wt=0/rs=AIw_rMqeZVJ4OnnDIIFLXN-ahkEryykQ_Q/m=_c,_t,_b:33672
[  217270ms] [ERROR] focusgroup requires a recognized behavior token (toolbar, tablist, radiogroup, listbox, menu, menubar). @ https://www.gstatic.com/_/awn-essentials-mss/_/js/k=awn-essentials-mss.essentials_sharded_localization.es.cyR8x4g9en0.es6.O/d=1/br=1/wt=0/rs=AIw_rMqeZVJ4OnnDIIFLXN-ahkEryykQ_Q/m=_c,_t,_b:33682
[  361815ms] [WARNING] No available adapters. @ https://ads.google.com/aw/keywords?campaignId=8079692809&ocid=352199970&workspaceId=0&euid=753051536&__u=4291234064&uscid=352199970&__c=4148624530&authuser=1:0
[  442391ms] [WARNING] No available adapters. @ https://ads.google.com/aw/campaigns?ocid=352199970&workspaceId=0&euid=753051536&__u=4291234064&uscid=352199970&__c=4148624530&authuser=1:0
[  442817ms] [WARNING] Failed to inject root provider minified:aja: Invalid argument(s): No provider found for minified:brp @ https://www.gstatic.com/_/awn-essentials-mss/_/js/k=awn-essentials-mss.essentials_sharded_localization.es.cyR8x4g9en0.es6.O/d=1/br=1/wt=0/rs=AIw_rMqeZVJ4OnnDIIFLXN-ahkEryykQ_Q/m=_c,_t,_b:89733
[  480556ms] [WARNING] Failed to inject root provider minified:aFK: Invalid argument(s): No provider found for minified:amu @ https://www.gstatic.com/awn/conversions/awn_conversions_ui_auto_20260720-0623_RC000/aw_conversions/main.dart.js:86795
[  486988ms] [INFO] Autofocus processing was blocked because a document already has a focused element. @ https://ads.google.com/aw/conversions?ocid=352199970&workspaceId=0&euid=753051536&__u=4291234064&uscid=352199970&__c=4148624530&authuser=1:0
[  487139ms] [WARNING] No available adapters. @ https://ads.google.com/aw/conversions?ocid=352199970&workspaceId=0&euid=753051536&__u=4291234064&uscid=352199970&__c=4148624530&authuser=1:0
[  488940ms] [WARNING] Failed to inject root provider minified:a7Q: Invalid argument(s): No provider found for minified:eaE('') @ https://www.gstatic.com/awn/conversions/awn_conversions_ui_auto_20260720-0623_RC000/aw_conversions/main.dart.js:86795
[  488941ms] [WARNING] Failed to inject root provider minified:aoq: Invalid argument(s): No provider found for minified:a27 @ https://www.gstatic.com/awn/conversions/awn_conversions_ui_auto_20260720-0623_RC000/aw_conversions/main.dart.js:86795
[  488942ms] [WARNING] Failed to inject root provider minified:a7Q: Invalid argument(s): No provider found for minified:eaE('') @ https://www.gstatic.com/awn/conversions/awn_conversions_ui_auto_20260720-0623_RC000/aw_conversions/main.dart.js:86795
[  488942ms] [WARNING] Failed to inject root provider minified:ayU: Invalid argument(s): No provider found for minified:amu @ https://www.gstatic.com/awn/conversions/awn_conversions_ui_auto_20260720-0623_RC000/aw_conversions/main.dart.js:86795
[  488945ms] [WARNING] Failed to inject root provider minified:aQ5: Invalid argument(s): No provider found for minified:amu @ https://www.gstatic.com/awn/conversions/awn_conversions_ui_auto_20260720-0623_RC000/aw_conversions/main.dart.js:86795
[  488952ms] [ERROR] [CONVERSIONS] 2026-07-21 21:02:57.202 SEVERE 0 ActivityContext Neither name nor overrideName were set! Did you forget to add ActivityContextDirective to directives? Or to set the name in the constructor?; autogenerated stack trace for SEVERE Neither name nor overrideName were set! Did you forget to add ActivityContextDirective to directives? Or to set the name in the constructor?
Error
    at Object.o3 (https://www.gstatic.com/awn/conversions/awn_conversions_ui_auto_20260720-0623_RC000/aw_conversions/main.dart.js:4133:18)
    at bRv.aJ (https://www.gstatic.com/awn/conversions/awn_conversions_ui_auto_20260720-0623_RC000/aw_conversions/main.dart.js:73809:45)
    at bRv.El (https://www.gstatic.com/awn/conversions/awn_conversions_ui_auto_20260720-0623_RC000/aw_conversions/main.dart.js:73815:21)
    at aC.gaD (https://www.gstatic.com/awn/conversions/awn_conversions_ui_auto_20260720-0623_RC000/aw_conversions/main.dart.js:47541:36)
    at aC.cvy (https://www.gstatic.com/awn/conversions/awn_conversions_ui_auto_20260720-0623_RC000/aw_conversions/main.dart.js:47548:6)
    at aC.gO2 (https://www.gstatic.com/awn/conversions/awn_conversions_ui_auto_20260720-0623_RC000/aw_conversions/main.dart.js:47546:28)
    at afY.c_k (https://www.gstatic.com/awn/conversions/awn_conversions_ui_auto_20260720-0623_RC000/aw_conversions/main.dart.js.bundle.conversion_summary_table.js:205933:25)
    at qS.ac (https://www.gstatic.com/awn/conversions/awn_conversions_ui_auto_20260720-0623_RC000/aw_conversions/main.dart.js.bundle.conversion_summary_table.js:325568:33)
    at fbu.u (https://www.gstatic.com/awn/conversions/awn_conversions_ui_auto_20260720-0623_RC000/aw_conversions/main.dart.js.bundle.conversion_summary_table.js:393031:10)
    at fbu.H (https://www.gstatic.com/awn/conversions/awn_conversions_ui_auto_20260720-0623_RC000/aw_conversions/main.dart.js:86373:10)
URL=https://ads.google.com/aw/conversions?ocid=352199970&workspaceId=0&euid=753051536&__u=4291234064&uscid=352199970&__c=4148624530&authuser=1 @ https://www.gstatic.com/awn/conversions/awn_conversions_ui_auto_20260720-0623_RC000/aw_conversions/main.dart.js:43016
[  488964ms] [WARNING] Failed to inject root provider minified:aQ5: Invalid argument(s): No provider found for minified:amu @ https://www.gstatic.com/awn/conversions/awn_conversions_ui_auto_20260720-0623_RC000/aw_conversions/main.dart.js:86795
[  488984ms] [WARNING] Failed to inject root provider minified:aQ5: Invalid argument(s): No provider found for minified:amu @ https://www.gstatic.com/awn/conversions/awn_conversions_ui_auto_20260720-0623_RC000/aw_conversions/main.dart.js:86795
[  488993ms] [WARNING] Failed to inject root provider minified:aQ5: Invalid argument(s): No provider found for minified:amu @ https://www.gstatic.com/awn/conversions/awn_conversions_ui_auto_20260720-0623_RC000/aw_conversions/main.dart.js:86795
[  488999ms] [WARNING] Failed to inject root provider minified:aQ5: Invalid argument(s): No provider found for minified:amu @ https://www.gstatic.com/awn/conversions/awn_conversions_ui_auto_20260720-0623_RC000/aw_conversions/main.dart.js:86795
[  489005ms] [WARNING] Failed to inject root provider minified:aQ5: Invalid argument(s): No provider found for minified:amu @ https://www.gstatic.com/awn/conversions/awn_conversions_ui_auto_20260720-0623_RC000/aw_conversions/main.dart.js:86795
[  489011ms] [WARNING] Failed to inject root provider minified:aQ5: Invalid argument(s): No provider found for minified:amu @ https://www.gstatic.com/awn/conversions/awn_conversions_ui_auto_20260720-0623_RC000/aw_conversions/main.dart.js:86795
[  489017ms] [WARNING] Failed to inject root provider minified:aQ5: Invalid argument(s): No provider found for minified:amu @ https://www.gstatic.com/awn/conversions/awn_conversions_ui_auto_20260720-0623_RC000/aw_conversions/main.dart.js:86795
[  489022ms] [WARNING] Failed to inject root provider minified:aQ5: Invalid argument(s): No provider found for minified:amu @ https://www.gstatic.com/awn/conversions/awn_conversions_ui_auto_20260720-0623_RC000/aw_conversions/main.dart.js:86795
[  489028ms] [WARNING] Failed to inject root provider minified:aQ5: Invalid argument(s): No provider found for minified:amu @ https://www.gstatic.com/awn/conversions/awn_conversions_ui_auto_20260720-0623_RC000/aw_conversions/main.dart.js:86795
[  534999ms] [WARNING] Failed to inject root provider minified:aFK: Invalid argument(s): No provider found for minified:amu @ https://www.gstatic.com/awn/conversions/awn_conversions_ui_auto_20260720-0623_RC000/aw_conversions/main.dart.js:86795
[  536446ms] [WARNING] No available adapters. @ https://ads.google.com/aw/conversions?ocid=352199970&workspaceId=0&euid=753051536&__u=4291234064&uscid=352199970&__c=4148624530&authuser=1:0
[  537605ms] [WARNING] Failed to inject root provider minified:a7Q: Invalid argument(s): No provider found for minified:eaE('') @ https://www.gstatic.com/awn/conversions/awn_conversions_ui_auto_20260720-0623_RC000/aw_conversions/main.dart.js:86795
[  537606ms] [WARNING] Failed to inject root provider minified:aoq: Invalid argument(s): No provider found for minified:a27 @ https://www.gstatic.com/awn/conversions/awn_conversions_ui_auto_20260720-0623_RC000/aw_conversions/main.dart.js:86795
[  537607ms] [WARNING] Failed to inject root provider minified:a7Q: Invalid argument(s): No provider found for minified:eaE('') @ https://www.gstatic.com/awn/conversions/awn_conversions_ui_auto_20260720-0623_RC000/aw_conversions/main.dart.js:86795
[  537607ms] [WARNING] Failed to inject root provider minified:ayU: Invalid argument(s): No provider found for minified:amu @ https://www.gstatic.com/awn/conversions/awn_conversions_ui_auto_20260720-0623_RC000/aw_conversions/main.dart.js:86795
[  537610ms] [WARNING] Failed to inject root provider minified:aQ5: Invalid argument(s): No provider found for minified:amu @ https://www.gstatic.com/awn/conversions/awn_conversions_ui_auto_20260720-0623_RC000/aw_conversions/main.dart.js:86795
[  537617ms] [ERROR] [CONVERSIONS] 2026-07-21 21:03:45.867 SEVERE 0 ActivityContext Neither name nor overrideName were set! Did you forget to add ActivityContextDirective to directives? Or to set the name in the constructor?; autogenerated stack trace for SEVERE Neither name nor overrideName were set! Did you forget to add ActivityContextDirective to directives? Or to set the name in the constructor?
Error
    at Object.o3 (https://www.gstatic.com/awn/conversions/awn_conversions_ui_auto_20260720-0623_RC000/aw_conversions/main.dart.js:4133:18)
    at bRv.aJ (https://www.gstatic.com/awn/conversions/awn_conversions_ui_auto_20260720-0623_RC000/aw_conversions/main.dart.js:73809:45)
    at bRv.El (https://www.gstatic.com/awn/conversions/awn_conversions_ui_auto_20260720-0623_RC000/aw_conversions/main.dart.js:73815:21)
    at aC.gaD (https://www.gstatic.com/awn/conversions/awn_conversions_ui_auto_20260720-0623_RC000/aw_conversions/main.dart.js:47541:36)
    at aC.cvy (https://www.gstatic.com/awn/conversions/awn_conversions_ui_auto_20260720-0623_RC000/aw_conversions/main.dart.js:47548:6)
    at aC.gO2 (https://www.gstatic.com/awn/conversions/awn_conversions_ui_auto_20260720-0623_RC000/aw_conversions/main.dart.js:47546:28)
    at afY.c_k (https://www.gstatic.com/awn/conversions/awn_conversions_ui_auto_20260720-0623_RC000/aw_conversions/main.dart.js.bundle.conversion_summary_table.js:205933:25)
    at qS.ac (https://www.gstatic.com/awn/conversions/awn_conversions_ui_auto_20260720-0623_RC000/aw_conversions/main.dart.js.bundle.conversion_summary_table.js:325568:33)
    at fbu.u (https://www.gstatic.com/awn/conversions/awn_conversions_ui_auto_20260720-0623_RC000/aw_conversions/main.dart.js.bundle.conversion_summary_table.js:393031:10)
    at fbu.H (https://www.gstatic.com/awn/conversions/awn_conversions_ui_auto_20260720-0623_RC000/aw_conversions/main.dart.js:86373:10)
URL=https://ads.google.com/aw/conversions?ocid=352199970&workspaceId=0&euid=753051536&__u=4291234064&uscid=352199970&__c=4148624530&authuser=1 @ https://www.gstatic.com/awn/conversions/awn_conversions_ui_auto_20260720-0623_RC000/aw_conversions/main.dart.js:43016
[  537631ms] [WARNING] Failed to inject root provider minified:aQ5: Invalid argument(s): No provider found for minified:amu @ https://www.gstatic.com/awn/conversions/awn_conversions_ui_auto_20260720-0623_RC000/aw_conversions/main.dart.js:86795
[  537656ms] [WARNING] Failed to inject root provider minified:aQ5: Invalid argument(s): No provider found for minified:amu @ https://www.gstatic.com/awn/conversions/awn_conversions_ui_auto_20260720-0623_RC000/aw_conversions/main.dart.js:86795
[  537664ms] [WARNING] Failed to inject root provider minified:aQ5: Invalid argument(s): No provider found for minified:amu @ https://www.gstatic.com/awn/conversions/awn_conversions_ui_auto_20260720-0623_RC000/aw_conversions/main.dart.js:86795
[  537671ms] [WARNING] Failed to inject root provider minified:aQ5: Invalid argument(s): No provider found for minified:amu @ https://www.gstatic.com/awn/conversions/awn_conversions_ui_auto_20260720-0623_RC000/aw_conversions/main.dart.js:86795
[  537678ms] [WARNING] Failed to inject root provider minified:aQ5: Invalid argument(s): No provider found for minified:amu @ https://www.gstatic.com/awn/conversions/awn_conversions_ui_auto_20260720-0623_RC000/aw_conversions/main.dart.js:86795
[  537685ms] [WARNING] Failed to inject root provider minified:aQ5: Invalid argument(s): No provider found for minified:amu @ https://www.gstatic.com/awn/conversions/awn_conversions_ui_auto_20260720-0623_RC000/aw_conversions/main.dart.js:86795
[  537691ms] [WARNING] Failed to inject root provider minified:aQ5: Invalid argument(s): No provider found for minified:amu @ https://www.gstatic.com/awn/conversions/awn_conversions_ui_auto_20260720-0623_RC000/aw_conversions/main.dart.js:86795
[  537700ms] [WARNING] Failed to inject root provider minified:aQ5: Invalid argument(s): No provider found for minified:amu @ https://www.gstatic.com/awn/conversions/awn_conversions_ui_auto_20260720-0623_RC000/aw_conversions/main.dart.js:86795
[  537706ms] [WARNING] Failed to inject root provider minified:aQ5: Invalid argument(s): No provider found for minified:amu @ https://www.gstatic.com/awn/conversions/awn_conversions_ui_auto_20260720-0623_RC000/aw_conversions/main.dart.js:86795
[  539540ms] [INFO] Autofocus processing was blocked because a document already has a focused element. @ https://ads.google.com/aw/conversions?ocid=352199970&workspaceId=0&euid=753051536&__u=4291234064&uscid=352199970&__c=4148624530&authuser=1:0
[  623204ms] [WARNING] Failed to inject root provider minified:aFK: Invalid argument(s): No provider found for minified:amu @ https://www.gstatic.com/awn/conversions/awn_conversions_ui_auto_20260720-0623_RC000/aw_conversions/main.dart.js:86795
[  625680ms] [INFO] Autofocus processing was blocked because a document already has a focused element. @ https://ads.google.com/aw/conversions?ocid=352199970&workspaceId=0&euid=753051536&__u=4291234064&uscid=352199970&__c=4148624530&authuser=1:0
[  625860ms] [WARNING] No available adapters. @ https://ads.google.com/aw/conversions?ocid=352199970&workspaceId=0&euid=753051536&__u=4291234064&uscid=352199970&__c=4148624530&authuser=1:0
[  628636ms] [WARNING] Failed to inject root provider minified:a7Q: Invalid argument(s): No provider found for minified:eaE('') @ https://www.gstatic.com/awn/conversions/awn_conversions_ui_auto_20260720-0623_RC000/aw_conversions/main.dart.js:86795
[  628637ms] [WARNING] Failed to inject root provider minified:aoq: Invalid argument(s): No provider found for minified:a27 @ https://www.gstatic.com/awn/conversions/awn_conversions_ui_auto_20260720-0623_RC000/aw_conversions/main.dart.js:86795
[  628637ms] [WARNING] Failed to inject root provider minified:a7Q: Invalid argument(s): No provider found for minified:eaE('') @ https://www.gstatic.com/awn/conversions/awn_conversions_ui_auto_20260720-0623_RC000/aw_conversions/main.dart.js:86795
[  628638ms] [WARNING] Failed to inject root provider minified:ayU: Invalid argument(s): No provider found for minified:amu @ https://www.gstatic.com/awn/conversions/awn_conversions_ui_auto_20260720-0623_RC000/aw_conversions/main.dart.js:86795
[  628641ms] [WARNING] Failed to inject root provider minified:aQ5: Invalid argument(s): No provider found for minified:amu @ https://www.gstatic.com/awn/conversions/awn_conversions_ui_auto_20260720-0623_RC000/aw_conversions/main.dart.js:86795
[  628649ms] [ERROR] [CONVERSIONS] 2026-07-21 21:05:16.899 SEVERE 0 ActivityContext Neither name nor overrideName were set! Did you forget to add ActivityContextDirective to directives? Or to set the name in the constructor?; autogenerated stack trace for SEVERE Neither name nor overrideName were set! Did you forget to add ActivityContextDirective to directives? Or to set the name in the constructor?
Error
    at Object.o3 (https://www.gstatic.com/awn/conversions/awn_conversions_ui_auto_20260720-0623_RC000/aw_conversions/main.dart.js:4133:18)
    at bRv.aJ (https://www.gstatic.com/awn/conversions/awn_conversions_ui_auto_20260720-0623_RC000/aw_conversions/main.dart.js:73809:45)
    at bRv.El (https://www.gstatic.com/awn/conversions/awn_conversions_ui_auto_20260720-0623_RC000/aw_conversions/main.dart.js:73815:21)
    at aC.gaD (https://www.gstatic.com/awn/conversions/awn_conversions_ui_auto_20260720-0623_RC000/aw_conversions/main.dart.js:47541:36)
    at aC.cvy (https://www.gstatic.com/awn/conversions/awn_conversions_ui_auto_20260720-0623_RC000/aw_conversions/main.dart.js:47548:6)
    at aC.gO2 (https://www.gstatic.com/awn/conversions/awn_conversions_ui_auto_20260720-0623_RC000/aw_conversions/main.dart.js:47546:28)
    at afY.c_k (https://www.gstatic.com/awn/conversions/awn_conversions_ui_auto_20260720-0623_RC000/aw_conversions/main.dart.js.bundle.conversion_summary_table.js:205933:25)
    at qS.ac (https://www.gstatic.com/awn/conversions/awn_conversions_ui_auto_20260720-0623_RC000/aw_conversions/main.dart.js.bundle.conversion_summary_table.js:325568:33)
    at fbu.u (https://www.gstatic.com/awn/conversions/awn_conversions_ui_auto_20260720-0623_RC000/aw_conversions/main.dart.js.bundle.conversion_summary_table.js:393031:10)
    at fbu.H (https://www.gstatic.com/awn/conversions/awn_conversions_ui_auto_20260720-0623_RC000/aw_conversions/main.dart.js:86373:10)
URL=https://ads.google.com/aw/conversions?ocid=352199970&workspaceId=0&euid=753051536&__u=4291234064&uscid=352199970&__c=4148624530&authuser=1 @ https://www.gstatic.com/awn/conversions/awn_conversions_ui_auto_20260720-0623_RC000/aw_conversions/main.dart.js:43016
[  628660ms] [WARNING] Failed to inject root provider minified:aQ5: Invalid argument(s): No provider found for minified:amu @ https://www.gstatic.com/awn/conversions/awn_conversions_ui_auto_20260720-0623_RC000/aw_conversions/main.dart.js:86795
[  628682ms] [WARNING] Failed to inject root provider minified:aQ5: Invalid argument(s): No provider found for minified:amu @ https://www.gstatic.com/awn/conversions/awn_conversions_ui_auto_20260720-0623_RC000/aw_conversions/main.dart.js:86795
[  628691ms] [WARNING] Failed to inject root provider minified:aQ5: Invalid argument(s): No provider found for minified:amu @ https://www.gstatic.com/awn/conversions/awn_conversions_ui_auto_20260720-0623_RC000/aw_conversions/main.dart.js:86795
[  628697ms] [WARNING] Failed to inject root provider minified:aQ5: Invalid argument(s): No provider found for minified:amu @ https://www.gstatic.com/awn/conversions/awn_conversions_ui_auto_20260720-0623_RC000/aw_conversions/main.dart.js:86795
[  628704ms] [WARNING] Failed to inject root provider minified:aQ5: Invalid argument(s): No provider found for minified:amu @ https://www.gstatic.com/awn/conversions/awn_conversions_ui_auto_20260720-0623_RC000/aw_conversions/main.dart.js:86795
[  628710ms] [WARNING] Failed to inject root provider minified:aQ5: Invalid argument(s): No provider found for minified:amu @ https://www.gstatic.com/awn/conversions/awn_conversions_ui_auto_20260720-0623_RC000/aw_conversions/main.dart.js:86795
[  628717ms] [WARNING] Failed to inject root provider minified:aQ5: Invalid argument(s): No provider found for minified:amu @ https://www.gstatic.com/awn/conversions/awn_conversions_ui_auto_20260720-0623_RC000/aw_conversions/main.dart.js:86795
[  628722ms] [WARNING] Failed to inject root provider minified:aQ5: Invalid argument(s): No provider found for minified:amu @ https://www.gstatic.com/awn/conversions/awn_conversions_ui_auto_20260720-0623_RC000/aw_conversions/main.dart.js:86795
[  628728ms] [WARNING] Failed to inject root provider minified:aQ5: Invalid argument(s): No provider found for minified:amu @ https://www.gstatic.com/awn/conversions/awn_conversions_ui_auto_20260720-0623_RC000/aw_conversions/main.dart.js:86795
[  671124ms] [WARNING] Failed to inject root provider minified:aQ5: Invalid argument(s): No provider found for minified:amu @ https://www.gstatic.com/awn/conversions/awn_conversions_ui_auto_20260720-0623_RC000/aw_conversions/main.dart.js:86795
[  671126ms] [ERROR] [CONVERSIONS] 2026-07-21 21:05:59.376 SEVERE 1 ActivityContext Neither name nor overrideName were set! Did you forget to add ActivityContextDirective to directives? Or to set the name in the constructor?; autogenerated stack trace for SEVERE Neither name nor overrideName were set! Did you forget to add ActivityContextDirective to directives? Or to set the name in the constructor?
Error
    at Object.o3 (https://www.gstatic.com/awn/conversions/awn_conversions_ui_auto_20260720-0623_RC000/aw_conversions/main.dart.js:4133:18)
    at bRv.aJ (https://www.gstatic.com/awn/conversions/awn_conversions_ui_auto_20260720-0623_RC000/aw_conversions/main.dart.js:73809:45)
    at bRv.El (https://www.gstatic.com/awn/conversions/awn_conversions_ui_auto_20260720-0623_RC000/aw_conversions/main.dart.js:73815:21)
    at aC.gaD (https://www.gstatic.com/awn/conversions/awn_conversions_ui_auto_20260720-0623_RC000/aw_conversions/main.dart.js:47541:36)
    at aC.cvy (https://www.gstatic.com/awn/conversions/awn_conversions_ui_auto_20260720-0623_RC000/aw_conversions/main.dart.js:47548:6)
    at aC.gO2 (https://www.gstatic.com/awn/conversions/awn_conversions_ui_auto_20260720-0623_RC000/aw_conversions/main.dart.js:47546:28)
    at afY.c_k (https://www.gstatic.com/awn/conversions/awn_conversions_ui_auto_20260720-0623_RC000/aw_conversions/main.dart.js.bundle.conversion_summary_table.js:205933:25)
    at qS.ac (https://www.gstatic.com/awn/conversions/awn_conversions_ui_auto_20260720-0623_RC000/aw_conversions/main.dart.js.bundle.conversion_summary_table.js:325568:33)
    at fbu.u (https://www.gstatic.com/awn/conversions/awn_conversions_ui_auto_20260720-0623_RC000/aw_conversions/main.dart.js.bundle.conversion_summary_table.js:393031:10)
    at fbu.H (https://www.gstatic.com/awn/conversions/awn_conversions_ui_auto_20260720-0623_RC000/aw_conversions/main.dart.js:86373:10)
URL=https://ads.google.com/aw/conversions?ocid=352199970&workspaceId=0&euid=753051536&__u=4291234064&uscid=352199970&__c=4148624530&authuser=1 @ https://www.gstatic.com/awn/conversions/awn_conversions_ui_auto_20260720-0623_RC000/aw_conversions/main.dart.js:43016
[  671129ms] [WARNING] Failed to inject root provider minified:aQ5: Invalid argument(s): No provider found for minified:amu @ https://www.gstatic.com/awn/conversions/awn_conversions_ui_auto_20260720-0623_RC000/aw_conversions/main.dart.js:86795
[  671136ms] [WARNING] Failed to inject root provider minified:aQ5: Invalid argument(s): No provider found for minified:amu @ https://www.gstatic.com/awn/conversions/awn_conversions_ui_auto_20260720-0623_RC000/aw_conversions/main.dart.js:86795
[  671141ms] [WARNING] Failed to inject root provider minified:aQ5: Invalid argument(s): No provider found for minified:amu @ https://www.gstatic.com/awn/conversions/awn_conversions_ui_auto_20260720-0623_RC000/aw_conversions/main.dart.js:86795
[  671147ms] [WARNING] Failed to inject root provider minified:aQ5: Invalid argument(s): No provider found for minified:amu @ https://www.gstatic.com/awn/conversions/awn_conversions_ui_auto_20260720-0623_RC000/aw_conversions/main.dart.js:86795
[  671152ms] [WARNING] Failed to inject root provider minified:aQ5: Invalid argument(s): No provider found for minified:amu @ https://www.gstatic.com/awn/conversions/awn_conversions_ui_auto_20260720-0623_RC000/aw_conversions/main.dart.js:86795
[  671155ms] [WARNING] Failed to inject root provider minified:aQ5: Invalid argument(s): No provider found for minified:amu @ https://www.gstatic.com/awn/conversions/awn_conversions_ui_auto_20260720-0623_RC000/aw_conversions/main.dart.js:86795
[  671160ms] [WARNING] Failed to inject root provider minified:aQ5: Invalid argument(s): No provider found for minified:amu @ https://www.gstatic.com/awn/conversions/awn_conversions_ui_auto_20260720-0623_RC000/aw_conversions/main.dart.js:86795
[  671164ms] [WARNING] Failed to inject root provider minified:aQ5: Invalid argument(s): No provider found for minified:amu @ https://www.gstatic.com/awn/conversions/awn_conversions_ui_auto_20260720-0623_RC000/aw_conversions/main.dart.js:86795
[  671168ms] [WARNING] Failed to inject root provider minified:aQ5: Invalid argument(s): No provider found for minified:amu @ https://www.gstatic.com/awn/conversions/awn_conversions_ui_auto_20260720-0623_RC000/aw_conversions/main.dart.js:86795
[  691171ms] [WARNING] Failed to inject root provider minified:aQ5: Invalid argument(s): No provider found for minified:amu @ https://www.gstatic.com/awn/conversions/awn_conversions_ui_auto_20260720-0623_RC000/aw_conversions/main.dart.js:86795
[  776900ms] [WARNING] Failed to inject root provider minified:aFK: Invalid argument(s): No provider found for minified:amu @ https://www.gstatic.com/awn/conversions/awn_conversions_ui_auto_20260720-0623_RC000/aw_conversions/main.dart.js:86795
[  776903ms] [WARNING] Failed to inject root provider minified:aFK: Invalid argument(s): No provider found for minified:amu @ https://www.gstatic.com/awn/conversions/awn_conversions_ui_auto_20260720-0623_RC000/aw_conversions/main.dart.js:86795
[  805790ms] [WARNING] No available adapters. @ https://ads.google.com/aw/conversions/detail?ocid=352199970&ctId=1042680663&showWebpagesTab=false&showDiagnosticsTab=false&showStoreDiagnosticsTab=false&workspaceId=0&euid=753051536&__u=4291234064&uscid=352199970&__c=4148624530&authuser=1:0
[  868026ms] [WARNING] Failed to inject root provider minified:aFK: Invalid argument(s): No provider found for minified:amu @ https://www.gstatic.com/awn/conversions/awn_conversions_ui_auto_20260720-0623_RC000/aw_conversions/main.dart.js:86795
[  883705ms] [INFO] Autofocus processing was blocked because a document already has a focused element. @ https://ads.google.com/aw/conversions/detail/settings?ocid=352199970&ctId=1042680663&showWebpagesTab=false&showDiagnosticsTab=false&showStoreDiagnosticsTab=false&conversionPlaceInfo=%7B%7D&workspaceId=0&euid=753051536&__u=4291234064&uscid=352199970&__c=4148624530&authuser=1:0
[  883876ms] [WARNING] No available adapters. @ https://ads.google.com/aw/conversions/detail/settings?ocid=352199970&ctId=1042680663&showWebpagesTab=false&showDiagnosticsTab=false&showStoreDiagnosticsTab=false&conversionPlaceInfo=%7B%7D&workspaceId=0&euid=753051536&__u=4291234064&uscid=352199970&__c=4148624530&authuser=1:0
[ 1057728ms] [INFO] Autofocus processing was blocked because a document already has a focused element. @ https://ads.google.com/aw/keywords?campaignId=8079692809&ocid=352199970&workspaceId=0&euid=753051536&__u=4291234064&uscid=352199970&__c=4148624530&authuser=1:0
[ 1057982ms] [WARNING] No available adapters. @ https://ads.google.com/aw/keywords?campaignId=8079692809&ocid=352199970&workspaceId=0&euid=753051536&__u=4291234064&uscid=352199970&__c=4148624530&authuser=1:0
[ 1144343ms] [WARNING] Failed to inject root provider minified:aja: Invalid argument(s): No provider found for minified:brp @ https://www.gstatic.com/_/awn-essentials-mss/_/js/k=awn-essentials-mss.essentials_sharded_localization.es.cyR8x4g9en0.es6.O/d=1/br=1/wt=0/rs=AIw_rMqeZVJ4OnnDIIFLXN-ahkEryykQ_Q/m=_c,_t,_b:89733
[ 1212340ms] [INFO] Autofocus processing was blocked because a document already has a focused element. @ https://ads.google.com/aw/keywords/searchterms?campaignId=8079692809&ocid=352199970&workspaceId=0&euid=753051536&__u=4291234064&uscid=352199970&__c=4148624530&authuser=1:0
[ 1212520ms] [WARNING] No available adapters. @ https://ads.google.com/aw/keywords/searchterms?campaignId=8079692809&ocid=352199970&workspaceId=0&euid=753051536&__u=4291234064&uscid=352199970&__c=4148624530&authuser=1:0
[ 1392401ms] [WARNING] No available adapters. @ https://ads.google.com/aw/keywords/searchterms?campaignId=8079692809&ocid=352199970&workspaceId=0&euid=753051536&__u=4291234064&uscid=352199970&__c=4148624530&authuser=1:0
[ 1529843ms] [ERROR] focusgroup requires a recognized behavior token (toolbar, tablist, radiogroup, listbox, menu, menubar). @ https://www.gstatic.com/_/awn-essentials-mss/_/js/k=awn-essentials-mss.essentials_sharded_localization.es.cyR8x4g9en0.es6.O/d=1/br=1/wt=0/rs=AIw_rMqeZVJ4OnnDIIFLXN-ahkEryykQ_Q/m=_c,_t,_b:33672
[ 1529866ms] [ERROR] focusgroup requires a recognized behavior token (toolbar, tablist, radiogroup, listbox, menu, menubar). @ https://www.gstatic.com/_/awn-essentials-mss/_/js/k=awn-essentials-mss.essentials_sharded_localization.es.cyR8x4g9en0.es6.O/d=1/br=1/wt=0/rs=AIw_rMqeZVJ4OnnDIIFLXN-ahkEryykQ_Q/m=_c,_t,_b:33682
[ 1529868ms] [ERROR] focusgroup requires a recognized behavior token (toolbar, tablist, radiogroup, listbox, menu, menubar). @ https://www.gstatic.com/_/awn-essentials-mss/_/js/k=awn-essentials-mss.essentials_sharded_localization.es.cyR8x4g9en0.es6.O/d=1/br=1/wt=0/rs=AIw_rMqeZVJ4OnnDIIFLXN-ahkEryykQ_Q/m=_c,_t,_b:33672
[ 1529869ms] [ERROR] focusgroup requires a recognized behavior token (toolbar, tablist, radiogroup, listbox, menu, menubar). @ https://www.gstatic.com/_/awn-essentials-mss/_/js/k=awn-essentials-mss.essentials_sharded_localization.es.cyR8x4g9en0.es6.O/d=1/br=1/wt=0/rs=AIw_rMqeZVJ4OnnDIIFLXN-ahkEryykQ_Q/m=_c,_t,_b:33682
[ 1529870ms] [ERROR] focusgroup requires a recognized behavior token (toolbar, tablist, radiogroup, listbox, menu, menubar). @ https://www.gstatic.com/_/awn-essentials-mss/_/js/k=awn-essentials-mss.essentials_sharded_localization.es.cyR8x4g9en0.es6.O/d=1/br=1/wt=0/rs=AIw_rMqeZVJ4OnnDIIFLXN-ahkEryykQ_Q/m=_c,_t,_b:33672
[ 1529870ms] [ERROR] focusgroup requires a recognized behavior token (toolbar, tablist, radiogroup, listbox, menu, menubar). @ https://www.gstatic.com/_/awn-essentials-mss/_/js/k=awn-essentials-mss.essentials_sharded_localization.es.cyR8x4g9en0.es6.O/d=1/br=1/wt=0/rs=AIw_rMqeZVJ4OnnDIIFLXN-ahkEryykQ_Q/m=_c,_t,_b:33682
[ 1529871ms] [ERROR] focusgroup requires a recognized behavior token (toolbar, tablist, radiogroup, listbox, menu, menubar). @ https://www.gstatic.com/_/awn-essentials-mss/_/js/k=awn-essentials-mss.essentials_sharded_localization.es.cyR8x4g9en0.es6.O/d=1/br=1/wt=0/rs=AIw_rMqeZVJ4OnnDIIFLXN-ahkEryykQ_Q/m=_c,_t,_b:33672
[ 1529872ms] [ERROR] focusgroup requires a recognized behavior token (toolbar, tablist, radiogroup, listbox, menu, menubar). @ https://www.gstatic.com/_/awn-essentials-mss/_/js/k=awn-essentials-mss.essentials_sharded_localization.es.cyR8x4g9en0.es6.O/d=1/br=1/wt=0/rs=AIw_rMqeZVJ4OnnDIIFLXN-ahkEryykQ_Q/m=_c,_t,_b:33682
[ 1529872ms] [ERROR] focusgroup requires a recognized behavior token (toolbar, tablist, radiogroup, listbox, menu, menubar). @ https://www.gstatic.com/_/awn-essentials-mss/_/js/k=awn-essentials-mss.essentials_sharded_localization.es.cyR8x4g9en0.es6.O/d=1/br=1/wt=0/rs=AIw_rMqeZVJ4OnnDIIFLXN-ahkEryykQ_Q/m=_c,_t,_b:33672
[ 1529873ms] [ERROR] focusgroup requires a recognized behavior token (toolbar, tablist, radiogroup, listbox, menu, menubar). @ https://www.gstatic.com/_/awn-essentials-mss/_/js/k=awn-essentials-mss.essentials_sharded_localization.es.cyR8x4g9en0.es6.O/d=1/br=1/wt=0/rs=AIw_rMqeZVJ4OnnDIIFLXN-ahkEryykQ_Q/m=_c,_t,_b:33682
[ 1529873ms] [ERROR] focusgroup requires a recognized behavior token (toolbar, tablist, radiogroup, listbox, menu, menubar). @ https://www.gstatic.com/_/awn-essentials-mss/_/js/k=awn-essentials-mss.essentials_sharded_localization.es.cyR8x4g9en0.es6.O/d=1/br=1/wt=0/rs=AIw_rMqeZVJ4OnnDIIFLXN-ahkEryykQ_Q/m=_c,_t,_b:33672
[ 1529874ms] [ERROR] focusgroup requires a recognized behavior token (toolbar, tablist, radiogroup, listbox, menu, menubar). @ https://www.gstatic.com/_/awn-essentials-mss/_/js/k=awn-essentials-mss.essentials_sharded_localization.es.cyR8x4g9en0.es6.O/d=1/br=1/wt=0/rs=AIw_rMqeZVJ4OnnDIIFLXN-ahkEryykQ_Q/m=_c,_t,_b:33682
[ 1529874ms] [ERROR] focusgroup requires a recognized behavior token (toolbar, tablist, radiogroup, listbox, menu, menubar). @ https://www.gstatic.com/_/awn-essentials-mss/_/js/k=awn-essentials-mss.essentials_sharded_localization.es.cyR8x4g9en0.es6.O/d=1/br=1/wt=0/rs=AIw_rMqeZVJ4OnnDIIFLXN-ahkEryykQ_Q/m=_c,_t,_b:33672
[ 1529875ms] [ERROR] focusgroup requires a recognized behavior token (toolbar, tablist, radiogroup, listbox, menu, menubar). @ https://www.gstatic.com/_/awn-essentials-mss/_/js/k=awn-essentials-mss.essentials_sharded_localization.es.cyR8x4g9en0.es6.O/d=1/br=1/wt=0/rs=AIw_rMqeZVJ4OnnDIIFLXN-ahkEryykQ_Q/m=_c,_t,_b:33682
[ 1529875ms] [ERROR] focusgroup requires a recognized behavior token (toolbar, tablist, radiogroup, listbox, menu, menubar). @ https://www.gstatic.com/_/awn-essentials-mss/_/js/k=awn-essentials-mss.essentials_sharded_localization.es.cyR8x4g9en0.es6.O/d=1/br=1/wt=0/rs=AIw_rMqeZVJ4OnnDIIFLXN-ahkEryykQ_Q/m=_c,_t,_b:33672
[ 1529876ms] [ERROR] focusgroup requires a recognized behavior token (toolbar, tablist, radiogroup, listbox, menu, menubar). @ https://www.gstatic.com/_/awn-essentials-mss/_/js/k=awn-essentials-mss.essentials_sharded_localization.es.cyR8x4g9en0.es6.O/d=1/br=1/wt=0/rs=AIw_rMqeZVJ4OnnDIIFLXN-ahkEryykQ_Q/m=_c,_t,_b:33682
[ 1529877ms] [ERROR] focusgroup requires a recognized behavior token (toolbar, tablist, radiogroup, listbox, menu, menubar). @ https://www.gstatic.com/_/awn-essentials-mss/_/js/k=awn-essentials-mss.essentials_sharded_localization.es.cyR8x4g9en0.es6.O/d=1/br=1/wt=0/rs=AIw_rMqeZVJ4OnnDIIFLXN-ahkEryykQ_Q/m=_c,_t,_b:33672
[ 1529877ms] [ERROR] focusgroup requires a recognized behavior token (toolbar, tablist, radiogroup, listbox, menu, menubar). @ https://www.gstatic.com/_/awn-essentials-mss/_/js/k=awn-essentials-mss.essentials_sharded_localization.es.cyR8x4g9en0.es6.O/d=1/br=1/wt=0/rs=AIw_rMqeZVJ4OnnDIIFLXN-ahkEryykQ_Q/m=_c,_t,_b:33682
[ 1529878ms] [ERROR] focusgroup requires a recognized behavior token (toolbar, tablist, radiogroup, listbox, menu, menubar). @ https://www.gstatic.com/_/awn-essentials-mss/_/js/k=awn-essentials-mss.essentials_sharded_localization.es.cyR8x4g9en0.es6.O/d=1/br=1/wt=0/rs=AIw_rMqeZVJ4OnnDIIFLXN-ahkEryykQ_Q/m=_c,_t,_b:33672
[ 1529878ms] [ERROR] focusgroup requires a recognized behavior token (toolbar, tablist, radiogroup, listbox, menu, menubar). @ https://www.gstatic.com/_/awn-essentials-mss/_/js/k=awn-essentials-mss.essentials_sharded_localization.es.cyR8x4g9en0.es6.O/d=1/br=1/wt=0/rs=AIw_rMqeZVJ4OnnDIIFLXN-ahkEryykQ_Q/m=_c,_t,_b:33682
[ 1529879ms] [ERROR] focusgroup requires a recognized behavior token (toolbar, tablist, radiogroup, listbox, menu, menubar). @ https://www.gstatic.com/_/awn-essentials-mss/_/js/k=awn-essentials-mss.essentials_sharded_localization.es.cyR8x4g9en0.es6.O/d=1/br=1/wt=0/rs=AIw_rMqeZVJ4OnnDIIFLXN-ahkEryykQ_Q/m=_c,_t,_b:33672
[ 1529879ms] [ERROR] focusgroup requires a recognized behavior token (toolbar, tablist, radiogroup, listbox, menu, menubar). @ https://www.gstatic.com/_/awn-essentials-mss/_/js/k=awn-essentials-mss.essentials_sharded_localization.es.cyR8x4g9en0.es6.O/d=1/br=1/wt=0/rs=AIw_rMqeZVJ4OnnDIIFLXN-ahkEryykQ_Q/m=_c,_t,_b:33682
[ 1529880ms] [ERROR] focusgroup requires a recognized behavior token (toolbar, tablist, radiogroup, listbox, menu, menubar). @ https://www.gstatic.com/_/awn-essentials-mss/_/js/k=awn-essentials-mss.essentials_sharded_localization.es.cyR8x4g9en0.es6.O/d=1/br=1/wt=0/rs=AIw_rMqeZVJ4OnnDIIFLXN-ahkEryykQ_Q/m=_c,_t,_b:33672
[ 1529880ms] [ERROR] focusgroup requires a recognized behavior token (toolbar, tablist, radiogroup, listbox, menu, menubar). @ https://www.gstatic.com/_/awn-essentials-mss/_/js/k=awn-essentials-mss.essentials_sharded_localization.es.cyR8x4g9en0.es6.O/d=1/br=1/wt=0/rs=AIw_rMqeZVJ4OnnDIIFLXN-ahkEryykQ_Q/m=_c,_t,_b:33682
[ 1529880ms] [ERROR] focusgroup requires a recognized behavior token (toolbar, tablist, radiogroup, listbox, menu, menubar). @ https://www.gstatic.com/_/awn-essentials-mss/_/js/k=awn-essentials-mss.essentials_sharded_localization.es.cyR8x4g9en0.es6.O/d=1/br=1/wt=0/rs=AIw_rMqeZVJ4OnnDIIFLXN-ahkEryykQ_Q/m=_c,_t,_b:33672
[ 1529881ms] [ERROR] focusgroup requires a recognized behavior token (toolbar, tablist, radiogroup, listbox, menu, menubar). @ https://www.gstatic.com/_/awn-essentials-mss/_/js/k=awn-essentials-mss.essentials_sharded_localization.es.cyR8x4g9en0.es6.O/d=1/br=1/wt=0/rs=AIw_rMqeZVJ4OnnDIIFLXN-ahkEryykQ_Q/m=_c,_t,_b:33682
[ 1529881ms] [ERROR] focusgroup requires a recognized behavior token (toolbar, tablist, radiogroup, listbox, menu, menubar). @ https://www.gstatic.com/_/awn-essentials-mss/_/js/k=awn-essentials-mss.essentials_sharded_localization.es.cyR8x4g9en0.es6.O/d=1/br=1/wt=0/rs=AIw_rMqeZVJ4OnnDIIFLXN-ahkEryykQ_Q/m=_c,_t,_b:33672
[ 1529882ms] [ERROR] focusgroup requires a recognized behavior token (toolbar, tablist, radiogroup, listbox, menu, menubar). @ https://www.gstatic.com/_/awn-essentials-mss/_/js/k=awn-essentials-mss.essentials_sharded_localization.es.cyR8x4g9en0.es6.O/d=1/br=1/wt=0/rs=AIw_rMqeZVJ4OnnDIIFLXN-ahkEryykQ_Q/m=_c,_t,_b:33682
[ 1529882ms] [ERROR] focusgroup requires a recognized behavior token (toolbar, tablist, radiogroup, listbox, menu, menubar). @ https://www.gstatic.com/_/awn-essentials-mss/_/js/k=awn-essentials-mss.essentials_sharded_localization.es.cyR8x4g9en0.es6.O/d=1/br=1/wt=0/rs=AIw_rMqeZVJ4OnnDIIFLXN-ahkEryykQ_Q/m=_c,_t,_b:33672
[ 1529883ms] [ERROR] focusgroup requires a recognized behavior token (toolbar, tablist, radiogroup, listbox, menu, menubar). @ https://www.gstatic.com/_/awn-essentials-mss/_/js/k=awn-essentials-mss.essentials_sharded_localization.es.cyR8x4g9en0.es6.O/d=1/br=1/wt=0/rs=AIw_rMqeZVJ4OnnDIIFLXN-ahkEryykQ_Q/m=_c,_t,_b:33682
[ 1529883ms] [ERROR] focusgroup requires a recognized behavior token (toolbar, tablist, radiogroup, listbox, menu, menubar). @ https://www.gstatic.com/_/awn-essentials-mss/_/js/k=awn-essentials-mss.essentials_sharded_localization.es.cyR8x4g9en0.es6.O/d=1/br=1/wt=0/rs=AIw_rMqeZVJ4OnnDIIFLXN-ahkEryykQ_Q/m=_c,_t,_b:33672
[ 1529883ms] [ERROR] focusgroup requires a recognized behavior token (toolbar, tablist, radiogroup, listbox, menu, menubar). @ https://www.gstatic.com/_/awn-essentials-mss/_/js/k=awn-essentials-mss.essentials_sharded_localization.es.cyR8x4g9en0.es6.O/d=1/br=1/wt=0/rs=AIw_rMqeZVJ4OnnDIIFLXN-ahkEryykQ_Q/m=_c,_t,_b:33682
[ 1529884ms] [ERROR] focusgroup requires a recognized behavior token (toolbar, tablist, radiogroup, listbox, menu, menubar). @ https://www.gstatic.com/_/awn-essentials-mss/_/js/k=awn-essentials-mss.essentials_sharded_localization.es.cyR8x4g9en0.es6.O/d=1/br=1/wt=0/rs=AIw_rMqeZVJ4OnnDIIFLXN-ahkEryykQ_Q/m=_c,_t,_b:33672
[ 1529884ms] [ERROR] focusgroup requires a recognized behavior token (toolbar, tablist, radiogroup, listbox, menu, menubar). @ https://www.gstatic.com/_/awn-essentials-mss/_/js/k=awn-essentials-mss.essentials_sharded_localization.es.cyR8x4g9en0.es6.O/d=1/br=1/wt=0/rs=AIw_rMqeZVJ4OnnDIIFLXN-ahkEryykQ_Q/m=_c,_t,_b:33682
[ 1529885ms] [ERROR] focusgroup requires a recognized behavior token (toolbar, tablist, radiogroup, listbox, menu, menubar). @ https://www.gstatic.com/_/awn-essentials-mss/_/js/k=awn-essentials-mss.essentials_sharded_localization.es.cyR8x4g9en0.es6.O/d=1/br=1/wt=0/rs=AIw_rMqeZVJ4OnnDIIFLXN-ahkEryykQ_Q/m=_c,_t,_b:33672
[ 1529885ms] [ERROR] focusgroup requires a recognized behavior token (toolbar, tablist, radiogroup, listbox, menu, menubar). @ https://www.gstatic.com/_/awn-essentials-mss/_/js/k=awn-essentials-mss.essentials_sharded_localization.es.cyR8x4g9en0.es6.O/d=1/br=1/wt=0/rs=AIw_rMqeZVJ4OnnDIIFLXN-ahkEryykQ_Q/m=_c,_t,_b:33682
[ 1529885ms] [ERROR] focusgroup requires a recognized behavior token (toolbar, tablist, radiogroup, listbox, menu, menubar). @ https://www.gstatic.com/_/awn-essentials-mss/_/js/k=awn-essentials-mss.essentials_sharded_localization.es.cyR8x4g9en0.es6.O/d=1/br=1/wt=0/rs=AIw_rMqeZVJ4OnnDIIFLXN-ahkEryykQ_Q/m=_c,_t,_b:33672
[ 1529886ms] [ERROR] focusgroup requires a recognized behavior token (toolbar, tablist, radiogroup, listbox, menu, menubar). @ https://www.gstatic.com/_/awn-essentials-mss/_/js/k=awn-essentials-mss.essentials_sharded_localization.es.cyR8x4g9en0.es6.O/d=1/br=1/wt=0/rs=AIw_rMqeZVJ4OnnDIIFLXN-ahkEryykQ_Q/m=_c,_t,_b:33682
[ 1529886ms] [ERROR] focusgroup requires a recognized behavior token (toolbar, tablist, radiogroup, listbox, menu, menubar). @ https://www.gstatic.com/_/awn-essentials-mss/_/js/k=awn-essentials-mss.essentials_sharded_localization.es.cyR8x4g9en0.es6.O/d=1/br=1/wt=0/rs=AIw_rMqeZVJ4OnnDIIFLXN-ahkEryykQ_Q/m=_c,_t,_b:33672
[ 1529887ms] [ERROR] focusgroup requires a recognized behavior token (toolbar, tablist, radiogroup, listbox, menu, menubar). @ https://www.gstatic.com/_/awn-essentials-mss/_/js/k=awn-essentials-mss.essentials_sharded_localization.es.cyR8x4g9en0.es6.O/d=1/br=1/wt=0/rs=AIw_rMqeZVJ4OnnDIIFLXN-ahkEryykQ_Q/m=_c,_t,_b:33682
[ 1529887ms] [ERROR] focusgroup requires a recognized behavior token (toolbar, tablist, radiogroup, listbox, menu, menubar). @ https://www.gstatic.com/_/awn-essentials-mss/_/js/k=awn-essentials-mss.essentials_sharded_localization.es.cyR8x4g9en0.es6.O/d=1/br=1/wt=0/rs=AIw_rMqeZVJ4OnnDIIFLXN-ahkEryykQ_Q/m=_c,_t,_b:33672
[ 1529887ms] [ERROR] focusgroup requires a recognized behavior token (toolbar, tablist, radiogroup, listbox, menu, menubar). @ https://www.gstatic.com/_/awn-essentials-mss/_/js/k=awn-essentials-mss.essentials_sharded_localization.es.cyR8x4g9en0.es6.O/d=1/br=1/wt=0/rs=AIw_rMqeZVJ4OnnDIIFLXN-ahkEryykQ_Q/m=_c,_t,_b:33682
[ 1529888ms] [ERROR] focusgroup requires a recognized behavior token (toolbar, tablist, radiogroup, listbox, menu, menubar). @ https://www.gstatic.com/_/awn-essentials-mss/_/js/k=awn-essentials-mss.essentials_sharded_localization.es.cyR8x4g9en0.es6.O/d=1/br=1/wt=0/rs=AIw_rMqeZVJ4OnnDIIFLXN-ahkEryykQ_Q/m=_c,_t,_b:33672
[ 1529888ms] [ERROR] focusgroup requires a recognized behavior token (toolbar, tablist, radiogroup, listbox, menu, menubar). @ https://www.gstatic.com/_/awn-essentials-mss/_/js/k=awn-essentials-mss.essentials_sharded_localization.es.cyR8x4g9en0.es6.O/d=1/br=1/wt=0/rs=AIw_rMqeZVJ4OnnDIIFLXN-ahkEryykQ_Q/m=_c,_t,_b:33682
[ 1529889ms] [ERROR] focusgroup requires a recognized behavior token (toolbar, tablist, radiogroup, listbox, menu, menubar). @ https://www.gstatic.com/_/awn-essentials-mss/_/js/k=awn-essentials-mss.essentials_sharded_localization.es.cyR8x4g9en0.es6.O/d=1/br=1/wt=0/rs=AIw_rMqeZVJ4OnnDIIFLXN-ahkEryykQ_Q/m=_c,_t,_b:33672
[ 1529889ms] [ERROR] focusgroup requires a recognized behavior token (toolbar, tablist, radiogroup, listbox, menu, menubar). @ https://www.gstatic.com/_/awn-essentials-mss/_/js/k=awn-essentials-mss.essentials_sharded_localization.es.cyR8x4g9en0.es6.O/d=1/br=1/wt=0/rs=AIw_rMqeZVJ4OnnDIIFLXN-ahkEryykQ_Q/m=_c,_t,_b:33682
[ 1529889ms] [ERROR] focusgroup requires a recognized behavior token (toolbar, tablist, radiogroup, listbox, menu, menubar). @ https://www.gstatic.com/_/awn-essentials-mss/_/js/k=awn-essentials-mss.essentials_sharded_localization.es.cyR8x4g9en0.es6.O/d=1/br=1/wt=0/rs=AIw_rMqeZVJ4OnnDIIFLXN-ahkEryykQ_Q/m=_c,_t,_b:33672
[ 1529890ms] [ERROR] focusgroup requires a recognized behavior token (toolbar, tablist, radiogroup, listbox, menu, menubar). @ https://www.gstatic.com/_/awn-essentials-mss/_/js/k=awn-essentials-mss.essentials_sharded_localization.es.cyR8x4g9en0.es6.O/d=1/br=1/wt=0/rs=AIw_rMqeZVJ4OnnDIIFLXN-ahkEryykQ_Q/m=_c,_t,_b:33682
[ 1529890ms] [ERROR] focusgroup requires a recognized behavior token (toolbar, tablist, radiogroup, listbox, menu, menubar). @ https://www.gstatic.com/_/awn-essentials-mss/_/js/k=awn-essentials-mss.essentials_sharded_localization.es.cyR8x4g9en0.es6.O/d=1/br=1/wt=0/rs=AIw_rMqeZVJ4OnnDIIFLXN-ahkEryykQ_Q/m=_c,_t,_b:33672
[ 1529891ms] [ERROR] focusgroup requires a recognized behavior token (toolbar, tablist, radiogroup, listbox, menu, menubar). @ https://www.gstatic.com/_/awn-essentials-mss/_/js/k=awn-essentials-mss.essentials_sharded_localization.es.cyR8x4g9en0.es6.O/d=1/br=1/wt=0/rs=AIw_rMqeZVJ4OnnDIIFLXN-ahkEryykQ_Q/m=_c,_t,_b:33682
[ 1529891ms] [ERROR] focusgroup requires a recognized behavior token (toolbar, tablist, radiogroup, listbox, menu, menubar). @ https://www.gstatic.com/_/awn-essentials-mss/_/js/k=awn-essentials-mss.essentials_sharded_localization.es.cyR8x4g9en0.es6.O/d=1/br=1/wt=0/rs=AIw_rMqeZVJ4OnnDIIFLXN-ahkEryykQ_Q/m=_c,_t,_b:33672
[ 1529891ms] [ERROR] focusgroup requires a recognized behavior token (toolbar, tablist, radiogroup, listbox, menu, menubar). @ https://www.gstatic.com/_/awn-essentials-mss/_/js/k=awn-essentials-mss.essentials_sharded_localization.es.cyR8x4g9en0.es6.O/d=1/br=1/wt=0/rs=AIw_rMqeZVJ4OnnDIIFLXN-ahkEryykQ_Q/m=_c,_t,_b:33682
[ 1529892ms] [ERROR] focusgroup requires a recognized behavior token (toolbar, tablist, radiogroup, listbox, menu, menubar). @ https://www.gstatic.com/_/awn-essentials-mss/_/js/k=awn-essentials-mss.essentials_sharded_localization.es.cyR8x4g9en0.es6.O/d=1/br=1/wt=0/rs=AIw_rMqeZVJ4OnnDIIFLXN-ahkEryykQ_Q/m=_c,_t,_b:33672
[ 1529892ms] [ERROR] focusgroup requires a recognized behavior token (toolbar, tablist, radiogroup, listbox, menu, menubar). @ https://www.gstatic.com/_/awn-essentials-mss/_/js/k=awn-essentials-mss.essentials_sharded_localization.es.cyR8x4g9en0.es6.O/d=1/br=1/wt=0/rs=AIw_rMqeZVJ4OnnDIIFLXN-ahkEryykQ_Q/m=_c,_t,_b:33682
[ 1529893ms] [ERROR] focusgroup requires a recognized behavior token (toolbar, tablist, radiogroup, listbox, menu, menubar). @ https://www.gstatic.com/_/awn-essentials-mss/_/js/k=awn-essentials-mss.essentials_sharded_localization.es.cyR8x4g9en0.es6.O/d=1/br=1/wt=0/rs=AIw_rMqeZVJ4OnnDIIFLXN-ahkEryykQ_Q/m=_c,_t,_b:33672
[ 1529893ms] [ERROR] focusgroup requires a recognized behavior token (toolbar, tablist, radiogroup, listbox, menu, menubar). @ https://www.gstatic.com/_/awn-essentials-mss/_/js/k=awn-essentials-mss.essentials_sharded_localization.es.cyR8x4g9en0.es6.O/d=1/br=1/wt=0/rs=AIw_rMqeZVJ4OnnDIIFLXN-ahkEryykQ_Q/m=_c,_t,_b:33682
[ 1529893ms] [ERROR] focusgroup requires a recognized behavior token (toolbar, tablist, radiogroup, listbox, menu, menubar). @ https://www.gstatic.com/_/awn-essentials-mss/_/js/k=awn-essentials-mss.essentials_sharded_localization.es.cyR8x4g9en0.es6.O/d=1/br=1/wt=0/rs=AIw_rMqeZVJ4OnnDIIFLXN-ahkEryykQ_Q/m=_c,_t,_b:33672
[ 1529894ms] [ERROR] focusgroup requires a recognized behavior token (toolbar, tablist, radiogroup, listbox, menu, menubar). @ https://www.gstatic.com/_/awn-essentials-mss/_/js/k=awn-essentials-mss.essentials_sharded_localization.es.cyR8x4g9en0.es6.O/d=1/br=1/wt=0/rs=AIw_rMqeZVJ4OnnDIIFLXN-ahkEryykQ_Q/m=_c,_t,_b:33682
[ 1529894ms] [ERROR] focusgroup requires a recognized behavior token (toolbar, tablist, radiogroup, listbox, menu, menubar). @ https://www.gstatic.com/_/awn-essentials-mss/_/js/k=awn-essentials-mss.essentials_sharded_localization.es.cyR8x4g9en0.es6.O/d=1/br=1/wt=0/rs=AIw_rMqeZVJ4OnnDIIFLXN-ahkEryykQ_Q/m=_c,_t,_b:33672
[ 1529895ms] [ERROR] focusgroup requires a recognized behavior token (toolbar, tablist, radiogroup, listbox, menu, menubar). @ https://www.gstatic.com/_/awn-essentials-mss/_/js/k=awn-essentials-mss.essentials_sharded_localization.es.cyR8x4g9en0.es6.O/d=1/br=1/wt=0/rs=AIw_rMqeZVJ4OnnDIIFLXN-ahkEryykQ_Q/m=_c,_t,_b:33682
[ 1529895ms] [ERROR] focusgroup requires a recognized behavior token (toolbar, tablist, radiogroup, listbox, menu, menubar). @ https://www.gstatic.com/_/awn-essentials-mss/_/js/k=awn-essentials-mss.essentials_sharded_localization.es.cyR8x4g9en0.es6.O/d=1/br=1/wt=0/rs=AIw_rMqeZVJ4OnnDIIFLXN-ahkEryykQ_Q/m=_c,_t,_b:33672
[ 1529895ms] [ERROR] focusgroup requires a recognized behavior token (toolbar, tablist, radiogroup, listbox, menu, menubar). @ https://www.gstatic.com/_/awn-essentials-mss/_/js/k=awn-essentials-mss.essentials_sharded_localization.es.cyR8x4g9en0.es6.O/d=1/br=1/wt=0/rs=AIw_rMqeZVJ4OnnDIIFLXN-ahkEryykQ_Q/m=_c,_t,_b:33682
[ 1529896ms] [ERROR] focusgroup requires a recognized behavior token (toolbar, tablist, radiogroup, listbox, menu, menubar). @ https://www.gstatic.com/_/awn-essentials-mss/_/js/k=awn-essentials-mss.essentials_sharded_localization.es.cyR8x4g9en0.es6.O/d=1/br=1/wt=0/rs=AIw_rMqeZVJ4OnnDIIFLXN-ahkEryykQ_Q/m=_c,_t,_b:33672
[ 1529896ms] [ERROR] focusgroup requires a recognized behavior token (toolbar, tablist, radiogroup, listbox, menu, menubar). @ https://www.gstatic.com/_/awn-essentials-mss/_/js/k=awn-essentials-mss.essentials_sharded_localization.es.cyR8x4g9en0.es6.O/d=1/br=1/wt=0/rs=AIw_rMqeZVJ4OnnDIIFLXN-ahkEryykQ_Q/m=_c,_t,_b:33682
[ 1529896ms] [ERROR] focusgroup requires a recognized behavior token (toolbar, tablist, radiogroup, listbox, menu, menubar). @ https://www.gstatic.com/_/awn-essentials-mss/_/js/k=awn-essentials-mss.essentials_sharded_localization.es.cyR8x4g9en0.es6.O/d=1/br=1/wt=0/rs=AIw_rMqeZVJ4OnnDIIFLXN-ahkEryykQ_Q/m=_c,_t,_b:33672
[ 1529897ms] [ERROR] focusgroup requires a recognized behavior token (toolbar, tablist, radiogroup, listbox, menu, menubar). @ https://www.gstatic.com/_/awn-essentials-mss/_/js/k=awn-essentials-mss.essentials_sharded_localization.es.cyR8x4g9en0.es6.O/d=1/br=1/wt=0/rs=AIw_rMqeZVJ4OnnDIIFLXN-ahkEryykQ_Q/m=_c,_t,_b:33682
[ 1529897ms] [ERROR] focusgroup requires a recognized behavior token (toolbar, tablist, radiogroup, listbox, menu, menubar). @ https://www.gstatic.com/_/awn-essentials-mss/_/js/k=awn-essentials-mss.essentials_sharded_localization.es.cyR8x4g9en0.es6.O/d=1/br=1/wt=0/rs=AIw_rMqeZVJ4OnnDIIFLXN-ahkEryykQ_Q/m=_c,_t,_b:33672
[ 1529898ms] [ERROR] focusgroup requires a recognized behavior token (toolbar, tablist, radiogroup, listbox, menu, menubar). @ https://www.gstatic.com/_/awn-essentials-mss/_/js/k=awn-essentials-mss.essentials_sharded_localization.es.cyR8x4g9en0.es6.O/d=1/br=1/wt=0/rs=AIw_rMqeZVJ4OnnDIIFLXN-ahkEryykQ_Q/m=_c,_t,_b:33682
[ 1529898ms] [ERROR] focusgroup requires a recognized behavior token (toolbar, tablist, radiogroup, listbox, menu, menubar). @ https://www.gstatic.com/_/awn-essentials-mss/_/js/k=awn-essentials-mss.essentials_sharded_localization.es.cyR8x4g9en0.es6.O/d=1/br=1/wt=0/rs=AIw_rMqeZVJ4OnnDIIFLXN-ahkEryykQ_Q/m=_c,_t,_b:33672
[ 1529898ms] [ERROR] focusgroup requires a recognized behavior token (toolbar, tablist, radiogroup, listbox, menu, menubar). @ https://www.gstatic.com/_/awn-essentials-mss/_/js/k=awn-essentials-mss.essentials_sharded_localization.es.cyR8x4g9en0.es6.O/d=1/br=1/wt=0/rs=AIw_rMqeZVJ4OnnDIIFLXN-ahkEryykQ_Q/m=_c,_t,_b:33682
[ 1529899ms] [ERROR] focusgroup requires a recognized behavior token (toolbar, tablist, radiogroup, listbox, menu, menubar). @ https://www.gstatic.com/_/awn-essentials-mss/_/js/k=awn-essentials-mss.essentials_sharded_localization.es.cyR8x4g9en0.es6.O/d=1/br=1/wt=0/rs=AIw_rMqeZVJ4OnnDIIFLXN-ahkEryykQ_Q/m=_c,_t,_b:33672
[ 1529899ms] [ERROR] focusgroup requires a recognized behavior token (toolbar, tablist, radiogroup, listbox, menu, menubar). @ https://www.gstatic.com/_/awn-essentials-mss/_/js/k=awn-essentials-mss.essentials_sharded_localization.es.cyR8x4g9en0.es6.O/d=1/br=1/wt=0/rs=AIw_rMqeZVJ4OnnDIIFLXN-ahkEryykQ_Q/m=_c,_t,_b:33682
[ 1529899ms] [ERROR] focusgroup requires a recognized behavior token (toolbar, tablist, radiogroup, listbox, menu, menubar). @ https://www.gstatic.com/_/awn-essentials-mss/_/js/k=awn-essentials-mss.essentials_sharded_localization.es.cyR8x4g9en0.es6.O/d=1/br=1/wt=0/rs=AIw_rMqeZVJ4OnnDIIFLXN-ahkEryykQ_Q/m=_c,_t,_b:33672
[ 1529900ms] [ERROR] focusgroup requires a recognized behavior token (toolbar, tablist, radiogroup, listbox, menu, menubar). @ https://www.gstatic.com/_/awn-essentials-mss/_/js/k=awn-essentials-mss.essentials_sharded_localization.es.cyR8x4g9en0.es6.O/d=1/br=1/wt=0/rs=AIw_rMqeZVJ4OnnDIIFLXN-ahkEryykQ_Q/m=_c,_t,_b:33682
[ 1572388ms] [WARNING] No available adapters. @ https://ads.google.com/aw/keywords/searchterms?campaignId=8079692809&ocid=352199970&workspaceId=0&euid=753051536&__u=4291234064&uscid=352199970&__c=4148624530&authuser=1:0
[ 1752398ms] [WARNING] No available adapters. @ https://ads.google.com/aw/keywords/searchterms?campaignId=8079692809&ocid=352199970&workspaceId=0&euid=753051536&__u=4291234064&uscid=352199970&__c=4148624530&authuser=1:0
[ 1932395ms] [WARNING] No available adapters. @ https://ads.google.com/aw/keywords/searchterms?campaignId=8079692809&ocid=352199970&workspaceId=0&euid=753051536&__u=4291234064&uscid=352199970&__c=4148624530&authuser=1:0
[ 2089470ms] [ERROR] focusgroup requires a recognized behavior token (toolbar, tablist, radiogroup, listbox, menu, menubar). @ https://www.gstatic.com/_/awn-essentials-mss/_/js/k=awn-essentials-mss.essentials_sharded_localization.es.cyR8x4g9en0.es6.O/d=1/br=1/wt=0/rs=AIw_rMqeZVJ4OnnDIIFLXN-ahkEryykQ_Q/m=_c,_t,_b:33672
[ 2089471ms] [ERROR] focusgroup requires a recognized behavior token (toolbar, tablist, radiogroup, listbox, menu, menubar). @ https://www.gstatic.com/_/awn-essentials-mss/_/js/k=awn-essentials-mss.essentials_sharded_localization.es.cyR8x4g9en0.es6.O/d=1/br=1/wt=0/rs=AIw_rMqeZVJ4OnnDIIFLXN-ahkEryykQ_Q/m=_c,_t,_b:33682
[ 2089472ms] [ERROR] focusgroup requires a recognized behavior token (toolbar, tablist, radiogroup, listbox, menu, menubar). @ https://www.gstatic.com/_/awn-essentials-mss/_/js/k=awn-essentials-mss.essentials_sharded_localization.es.cyR8x4g9en0.es6.O/d=1/br=1/wt=0/rs=AIw_rMqeZVJ4OnnDIIFLXN-ahkEryykQ_Q/m=_c,_t,_b:33672
[ 2089472ms] [ERROR] focusgroup requires a recognized behavior token (toolbar, tablist, radiogroup, listbox, menu, menubar). @ https://www.gstatic.com/_/awn-essentials-mss/_/js/k=awn-essentials-mss.essentials_sharded_localization.es.cyR8x4g9en0.es6.O/d=1/br=1/wt=0/rs=AIw_rMqeZVJ4OnnDIIFLXN-ahkEryykQ_Q/m=_c,_t,_b:33682
[ 2089473ms] [ERROR] focusgroup requires a recognized behavior token (toolbar, tablist, radiogroup, listbox, menu, menubar). @ https://www.gstatic.com/_/awn-essentials-mss/_/js/k=awn-essentials-mss.essentials_sharded_localization.es.cyR8x4g9en0.es6.O/d=1/br=1/wt=0/rs=AIw_rMqeZVJ4OnnDIIFLXN-ahkEryykQ_Q/m=_c,_t,_b:33672
[ 2089473ms] [ERROR] focusgroup requires a recognized behavior token (toolbar, tablist, radiogroup, listbox, menu, menubar). @ https://www.gstatic.com/_/awn-essentials-mss/_/js/k=awn-essentials-mss.essentials_sharded_localization.es.cyR8x4g9en0.es6.O/d=1/br=1/wt=0/rs=AIw_rMqeZVJ4OnnDIIFLXN-ahkEryykQ_Q/m=_c,_t,_b:33682
[ 2089474ms] [ERROR] focusgroup requires a recognized behavior token (toolbar, tablist, radiogroup, listbox, menu, menubar). @ https://www.gstatic.com/_/awn-essentials-mss/_/js/k=awn-essentials-mss.essentials_sharded_localization.es.cyR8x4g9en0.es6.O/d=1/br=1/wt=0/rs=AIw_rMqeZVJ4OnnDIIFLXN-ahkEryykQ_Q/m=_c,_t,_b:33672
[ 2089474ms] [ERROR] focusgroup requires a recognized behavior token (toolbar, tablist, radiogroup, listbox, menu, menubar). @ https://www.gstatic.com/_/awn-essentials-mss/_/js/k=awn-essentials-mss.essentials_sharded_localization.es.cyR8x4g9en0.es6.O/d=1/br=1/wt=0/rs=AIw_rMqeZVJ4OnnDIIFLXN-ahkEryykQ_Q/m=_c,_t,_b:33682
[ 2089474ms] [ERROR] focusgroup requires a recognized behavior token (toolbar, tablist, radiogroup, listbox, menu, menubar). @ https://www.gstatic.com/_/awn-essentials-mss/_/js/k=awn-essentials-mss.essentials_sharded_localization.es.cyR8x4g9en0.es6.O/d=1/br=1/wt=0/rs=AIw_rMqeZVJ4OnnDIIFLXN-ahkEryykQ_Q/m=_c,_t,_b:33672
[ 2089475ms] [ERROR] focusgroup requires a recognized behavior token (toolbar, tablist, radiogroup, listbox, menu, menubar). @ https://www.gstatic.com/_/awn-essentials-mss/_/js/k=awn-essentials-mss.essentials_sharded_localization.es.cyR8x4g9en0.es6.O/d=1/br=1/wt=0/rs=AIw_rMqeZVJ4OnnDIIFLXN-ahkEryykQ_Q/m=_c,_t,_b:33682
[ 2089475ms] [ERROR] focusgroup requires a recognized behavior token (toolbar, tablist, radiogroup, listbox, menu, menubar). @ https://www.gstatic.com/_/awn-essentials-mss/_/js/k=awn-essentials-mss.essentials_sharded_localization.es.cyR8x4g9en0.es6.O/d=1/br=1/wt=0/rs=AIw_rMqeZVJ4OnnDIIFLXN-ahkEryykQ_Q/m=_c,_t,_b:33672
[ 2089476ms] [ERROR] focusgroup requires a recognized behavior token (toolbar, tablist, radiogroup, listbox, menu, menubar). @ https://www.gstatic.com/_/awn-essentials-mss/_/js/k=awn-essentials-mss.essentials_sharded_localization.es.cyR8x4g9en0.es6.O/d=1/br=1/wt=0/rs=AIw_rMqeZVJ4OnnDIIFLXN-ahkEryykQ_Q/m=_c,_t,_b:33682
[ 2089476ms] [ERROR] focusgroup requires a recognized behavior token (toolbar, tablist, radiogroup, listbox, menu, menubar). @ https://www.gstatic.com/_/awn-essentials-mss/_/js/k=awn-essentials-mss.essentials_sharded_localization.es.cyR8x4g9en0.es6.O/d=1/br=1/wt=0/rs=AIw_rMqeZVJ4OnnDIIFLXN-ahkEryykQ_Q/m=_c,_t,_b:33672
[ 2089477ms] [ERROR] focusgroup requires a recognized behavior token (toolbar, tablist, radiogroup, listbox, menu, menubar). @ https://www.gstatic.com/_/awn-essentials-mss/_/js/k=awn-essentials-mss.essentials_sharded_localization.es.cyR8x4g9en0.es6.O/d=1/br=1/wt=0/rs=AIw_rMqeZVJ4OnnDIIFLXN-ahkEryykQ_Q/m=_c,_t,_b:33682
[ 2089477ms] [ERROR] focusgroup requires a recognized behavior token (toolbar, tablist, radiogroup, listbox, menu, menubar). @ https://www.gstatic.com/_/awn-essentials-mss/_/js/k=awn-essentials-mss.essentials_sharded_localization.es.cyR8x4g9en0.es6.O/d=1/br=1/wt=0/rs=AIw_rMqeZVJ4OnnDIIFLXN-ahkEryykQ_Q/m=_c,_t,_b:33672
[ 2089477ms] [ERROR] focusgroup requires a recognized behavior token (toolbar, tablist, radiogroup, listbox, menu, menubar). @ https://www.gstatic.com/_/awn-essentials-mss/_/js/k=awn-essentials-mss.essentials_sharded_localization.es.cyR8x4g9en0.es6.O/d=1/br=1/wt=0/rs=AIw_rMqeZVJ4OnnDIIFLXN-ahkEryykQ_Q/m=_c,_t,_b:33682
[ 2089478ms] [ERROR] focusgroup requires a recognized behavior token (toolbar, tablist, radiogroup, listbox, menu, menubar). @ https://www.gstatic.com/_/awn-essentials-mss/_/js/k=awn-essentials-mss.essentials_sharded_localization.es.cyR8x4g9en0.es6.O/d=1/br=1/wt=0/rs=AIw_rMqeZVJ4OnnDIIFLXN-ahkEryykQ_Q/m=_c,_t,_b:33672
[ 2089478ms] [ERROR] focusgroup requires a recognized behavior token (toolbar, tablist, radiogroup, listbox, menu, menubar). @ https://www.gstatic.com/_/awn-essentials-mss/_/js/k=awn-essentials-mss.essentials_sharded_localization.es.cyR8x4g9en0.es6.O/d=1/br=1/wt=0/rs=AIw_rMqeZVJ4OnnDIIFLXN-ahkEryykQ_Q/m=_c,_t,_b:33682
[ 2089479ms] [ERROR] focusgroup requires a recognized behavior token (toolbar, tablist, radiogroup, listbox, menu, menubar). @ https://www.gstatic.com/_/awn-essentials-mss/_/js/k=awn-essentials-mss.essentials_sharded_localization.es.cyR8x4g9en0.es6.O/d=1/br=1/wt=0/rs=AIw_rMqeZVJ4OnnDIIFLXN-ahkEryykQ_Q/m=_c,_t,_b:33672
[ 2089479ms] [ERROR] focusgroup requires a recognized behavior token (toolbar, tablist, radiogroup, listbox, menu, menubar). @ https://www.gstatic.com/_/awn-essentials-mss/_/js/k=awn-essentials-mss.essentials_sharded_localization.es.cyR8x4g9en0.es6.O/d=1/br=1/wt=0/rs=AIw_rMqeZVJ4OnnDIIFLXN-ahkEryykQ_Q/m=_c,_t,_b:33682
[ 2089479ms] [ERROR] focusgroup requires a recognized behavior token (toolbar, tablist, radiogroup, listbox, menu, menubar). @ https://www.gstatic.com/_/awn-essentials-mss/_/js/k=awn-essentials-mss.essentials_sharded_localization.es.cyR8x4g9en0.es6.O/d=1/br=1/wt=0/rs=AIw_rMqeZVJ4OnnDIIFLXN-ahkEryykQ_Q/m=_c,_t,_b:33672
[ 2089480ms] [ERROR] focusgroup requires a recognized behavior token (toolbar, tablist, radiogroup, listbox, menu, menubar). @ https://www.gstatic.com/_/awn-essentials-mss/_/js/k=awn-essentials-mss.essentials_sharded_localization.es.cyR8x4g9en0.es6.O/d=1/br=1/wt=0/rs=AIw_rMqeZVJ4OnnDIIFLXN-ahkEryykQ_Q/m=_c,_t,_b:33682
[ 2089480ms] [ERROR] focusgroup requires a recognized behavior token (toolbar, tablist, radiogroup, listbox, menu, menubar). @ https://www.gstatic.com/_/awn-essentials-mss/_/js/k=awn-essentials-mss.essentials_sharded_localization.es.cyR8x4g9en0.es6.O/d=1/br=1/wt=0/rs=AIw_rMqeZVJ4OnnDIIFLXN-ahkEryykQ_Q/m=_c,_t,_b:33672
[ 2089481ms] [ERROR] focusgroup requires a recognized behavior token (toolbar, tablist, radiogroup, listbox, menu, menubar). @ https://www.gstatic.com/_/awn-essentials-mss/_/js/k=awn-essentials-mss.essentials_sharded_localization.es.cyR8x4g9en0.es6.O/d=1/br=1/wt=0/rs=AIw_rMqeZVJ4OnnDIIFLXN-ahkEryykQ_Q/m=_c,_t,_b:33682
[ 2089481ms] [ERROR] focusgroup requires a recognized behavior token (toolbar, tablist, radiogroup, listbox, menu, menubar). @ https://www.gstatic.com/_/awn-essentials-mss/_/js/k=awn-essentials-mss.essentials_sharded_localization.es.cyR8x4g9en0.es6.O/d=1/br=1/wt=0/rs=AIw_rMqeZVJ4OnnDIIFLXN-ahkEryykQ_Q/m=_c,_t,_b:33672
[ 2089481ms] [ERROR] focusgroup requires a recognized behavior token (toolbar, tablist, radiogroup, listbox, menu, menubar). @ https://www.gstatic.com/_/awn-essentials-mss/_/js/k=awn-essentials-mss.essentials_sharded_localization.es.cyR8x4g9en0.es6.O/d=1/br=1/wt=0/rs=AIw_rMqeZVJ4OnnDIIFLXN-ahkEryykQ_Q/m=_c,_t,_b:33682
[ 2089482ms] [ERROR] focusgroup requires a recognized behavior token (toolbar, tablist, radiogroup, listbox, menu, menubar). @ https://www.gstatic.com/_/awn-essentials-mss/_/js/k=awn-essentials-mss.essentials_sharded_localization.es.cyR8x4g9en0.es6.O/d=1/br=1/wt=0/rs=AIw_rMqeZVJ4OnnDIIFLXN-ahkEryykQ_Q/m=_c,_t,_b:33672
[ 2089482ms] [ERROR] focusgroup requires a recognized behavior token (toolbar, tablist, radiogroup, listbox, menu, menubar). @ https://www.gstatic.com/_/awn-essentials-mss/_/js/k=awn-essentials-mss.essentials_sharded_localization.es.cyR8x4g9en0.es6.O/d=1/br=1/wt=0/rs=AIw_rMqeZVJ4OnnDIIFLXN-ahkEryykQ_Q/m=_c,_t,_b:33682
[ 2089482ms] [ERROR] focusgroup requires a recognized behavior token (toolbar, tablist, radiogroup, listbox, menu, menubar). @ https://www.gstatic.com/_/awn-essentials-mss/_/js/k=awn-essentials-mss.essentials_sharded_localization.es.cyR8x4g9en0.es6.O/d=1/br=1/wt=0/rs=AIw_rMqeZVJ4OnnDIIFLXN-ahkEryykQ_Q/m=_c,_t,_b:33672
[ 2089483ms] [ERROR] focusgroup requires a recognized behavior token (toolbar, tablist, radiogroup, listbox, menu, menubar). @ https://www.gstatic.com/_/awn-essentials-mss/_/js/k=awn-essentials-mss.essentials_sharded_localization.es.cyR8x4g9en0.es6.O/d=1/br=1/wt=0/rs=AIw_rMqeZVJ4OnnDIIFLXN-ahkEryykQ_Q/m=_c,_t,_b:33682
[ 2089483ms] [ERROR] focusgroup requires a recognized behavior token (toolbar, tablist, radiogroup, listbox, menu, menubar). @ https://www.gstatic.com/_/awn-essentials-mss/_/js/k=awn-essentials-mss.essentials_sharded_localization.es.cyR8x4g9en0.es6.O/d=1/br=1/wt=0/rs=AIw_rMqeZVJ4OnnDIIFLXN-ahkEryykQ_Q/m=_c,_t,_b:33672
[ 2089484ms] [ERROR] focusgroup requires a recognized behavior token (toolbar, tablist, radiogroup, listbox, menu, menubar). @ https://www.gstatic.com/_/awn-essentials-mss/_/js/k=awn-essentials-mss.essentials_sharded_localization.es.cyR8x4g9en0.es6.O/d=1/br=1/wt=0/rs=AIw_rMqeZVJ4OnnDIIFLXN-ahkEryykQ_Q/m=_c,_t,_b:33682
[ 2089485ms] [ERROR] focusgroup requires a recognized behavior token (toolbar, tablist, radiogroup, listbox, menu, menubar). @ https://www.gstatic.com/_/awn-essentials-mss/_/js/k=awn-essentials-mss.essentials_sharded_localization.es.cyR8x4g9en0.es6.O/d=1/br=1/wt=0/rs=AIw_rMqeZVJ4OnnDIIFLXN-ahkEryykQ_Q/m=_c,_t,_b:33672
[ 2089485ms] [ERROR] focusgroup requires a recognized behavior token (toolbar, tablist, radiogroup, listbox, menu, menubar). @ https://www.gstatic.com/_/awn-essentials-mss/_/js/k=awn-essentials-mss.essentials_sharded_localization.es.cyR8x4g9en0.es6.O/d=1/br=1/wt=0/rs=AIw_rMqeZVJ4OnnDIIFLXN-ahkEryykQ_Q/m=_c,_t,_b:33682
[ 2089486ms] [ERROR] focusgroup requires a recognized behavior token (toolbar, tablist, radiogroup, listbox, menu, menubar). @ https://www.gstatic.com/_/awn-essentials-mss/_/js/k=awn-essentials-mss.essentials_sharded_localization.es.cyR8x4g9en0.es6.O/d=1/br=1/wt=0/rs=AIw_rMqeZVJ4OnnDIIFLXN-ahkEryykQ_Q/m=_c,_t,_b:33672
[ 2089486ms] [ERROR] focusgroup requires a recognized behavior token (toolbar, tablist, radiogroup, listbox, menu, menubar). @ https://www.gstatic.com/_/awn-essentials-mss/_/js/k=awn-essentials-mss.essentials_sharded_localization.es.cyR8x4g9en0.es6.O/d=1/br=1/wt=0/rs=AIw_rMqeZVJ4OnnDIIFLXN-ahkEryykQ_Q/m=_c,_t,_b:33682
[ 2089487ms] [ERROR] focusgroup requires a recognized behavior token (toolbar, tablist, radiogroup, listbox, menu, menubar). @ https://www.gstatic.com/_/awn-essentials-mss/_/js/k=awn-essentials-mss.essentials_sharded_localization.es.cyR8x4g9en0.es6.O/d=1/br=1/wt=0/rs=AIw_rMqeZVJ4OnnDIIFLXN-ahkEryykQ_Q/m=_c,_t,_b:33672
[ 2089487ms] [ERROR] focusgroup requires a recognized behavior token (toolbar, tablist, radiogroup, listbox, menu, menubar). @ https://www.gstatic.com/_/awn-essentials-mss/_/js/k=awn-essentials-mss.essentials_sharded_localization.es.cyR8x4g9en0.es6.O/d=1/br=1/wt=0/rs=AIw_rMqeZVJ4OnnDIIFLXN-ahkEryykQ_Q/m=_c,_t,_b:33682
[ 2089488ms] [ERROR] focusgroup requires a recognized behavior token (toolbar, tablist, radiogroup, listbox, menu, menubar). @ https://www.gstatic.com/_/awn-essentials-mss/_/js/k=awn-essentials-mss.essentials_sharded_localization.es.cyR8x4g9en0.es6.O/d=1/br=1/wt=0/rs=AIw_rMqeZVJ4OnnDIIFLXN-ahkEryykQ_Q/m=_c,_t,_b:33672
[ 2089489ms] [ERROR] focusgroup requires a recognized behavior token (toolbar, tablist, radiogroup, listbox, menu, menubar). @ https://www.gstatic.com/_/awn-essentials-mss/_/js/k=awn-essentials-mss.essentials_sharded_localization.es.cyR8x4g9en0.es6.O/d=1/br=1/wt=0/rs=AIw_rMqeZVJ4OnnDIIFLXN-ahkEryykQ_Q/m=_c,_t,_b:33682
[ 2089489ms] [ERROR] focusgroup requires a recognized behavior token (toolbar, tablist, radiogroup, listbox, menu, menubar). @ https://www.gstatic.com/_/awn-essentials-mss/_/js/k=awn-essentials-mss.essentials_sharded_localization.es.cyR8x4g9en0.es6.O/d=1/br=1/wt=0/rs=AIw_rMqeZVJ4OnnDIIFLXN-ahkEryykQ_Q/m=_c,_t,_b:33672
[ 2089490ms] [ERROR] focusgroup requires a recognized behavior token (toolbar, tablist, radiogroup, listbox, menu, menubar). @ https://www.gstatic.com/_/awn-essentials-mss/_/js/k=awn-essentials-mss.essentials_sharded_localization.es.cyR8x4g9en0.es6.O/d=1/br=1/wt=0/rs=AIw_rMqeZVJ4OnnDIIFLXN-ahkEryykQ_Q/m=_c,_t,_b:33682
[ 2089490ms] [ERROR] focusgroup requires a recognized behavior token (toolbar, tablist, radiogroup, listbox, menu, menubar). @ https://www.gstatic.com/_/awn-essentials-mss/_/js/k=awn-essentials-mss.essentials_sharded_localization.es.cyR8x4g9en0.es6.O/d=1/br=1/wt=0/rs=AIw_rMqeZVJ4OnnDIIFLXN-ahkEryykQ_Q/m=_c,_t,_b:33672
[ 2089490ms] [ERROR] focusgroup requires a recognized behavior token (toolbar, tablist, radiogroup, listbox, menu, menubar). @ https://www.gstatic.com/_/awn-essentials-mss/_/js/k=awn-essentials-mss.essentials_sharded_localization.es.cyR8x4g9en0.es6.O/d=1/br=1/wt=0/rs=AIw_rMqeZVJ4OnnDIIFLXN-ahkEryykQ_Q/m=_c,_t,_b:33682
[ 2089491ms] [ERROR] focusgroup requires a recognized behavior token (toolbar, tablist, radiogroup, listbox, menu, menubar). @ https://www.gstatic.com/_/awn-essentials-mss/_/js/k=awn-essentials-mss.essentials_sharded_localization.es.cyR8x4g9en0.es6.O/d=1/br=1/wt=0/rs=AIw_rMqeZVJ4OnnDIIFLXN-ahkEryykQ_Q/m=_c,_t,_b:33672
[ 2089491ms] [ERROR] focusgroup requires a recognized behavior token (toolbar, tablist, radiogroup, listbox, menu, menubar). @ https://www.gstatic.com/_/awn-essentials-mss/_/js/k=awn-essentials-mss.essentials_sharded_localization.es.cyR8x4g9en0.es6.O/d=1/br=1/wt=0/rs=AIw_rMqeZVJ4OnnDIIFLXN-ahkEryykQ_Q/m=_c,_t,_b:33682
[ 2089492ms] [ERROR] focusgroup requires a recognized behavior token (toolbar, tablist, radiogroup, listbox, menu, menubar). @ https://www.gstatic.com/_/awn-essentials-mss/_/js/k=awn-essentials-mss.essentials_sharded_localization.es.cyR8x4g9en0.es6.O/d=1/br=1/wt=0/rs=AIw_rMqeZVJ4OnnDIIFLXN-ahkEryykQ_Q/m=_c,_t,_b:33672
[ 2089492ms] [ERROR] focusgroup requires a recognized behavior token (toolbar, tablist, radiogroup, listbox, menu, menubar). @ https://www.gstatic.com/_/awn-essentials-mss/_/js/k=awn-essentials-mss.essentials_sharded_localization.es.cyR8x4g9en0.es6.O/d=1/br=1/wt=0/rs=AIw_rMqeZVJ4OnnDIIFLXN-ahkEryykQ_Q/m=_c,_t,_b:33682
[ 2089493ms] [ERROR] focusgroup requires a recognized behavior token (toolbar, tablist, radiogroup, listbox, menu, menubar). @ https://www.gstatic.com/_/awn-essentials-mss/_/js/k=awn-essentials-mss.essentials_sharded_localization.es.cyR8x4g9en0.es6.O/d=1/br=1/wt=0/rs=AIw_rMqeZVJ4OnnDIIFLXN-ahkEryykQ_Q/m=_c,_t,_b:33672
[ 2089493ms] [ERROR] focusgroup requires a recognized behavior token (toolbar, tablist, radiogroup, listbox, menu, menubar). @ https://www.gstatic.com/_/awn-essentials-mss/_/js/k=awn-essentials-mss.essentials_sharded_localization.es.cyR8x4g9en0.es6.O/d=1/br=1/wt=0/rs=AIw_rMqeZVJ4OnnDIIFLXN-ahkEryykQ_Q/m=_c,_t,_b:33682
[ 2089493ms] [ERROR] focusgroup requires a recognized behavior token (toolbar, tablist, radiogroup, listbox, menu, menubar). @ https://www.gstatic.com/_/awn-essentials-mss/_/js/k=awn-essentials-mss.essentials_sharded_localization.es.cyR8x4g9en0.es6.O/d=1/br=1/wt=0/rs=AIw_rMqeZVJ4OnnDIIFLXN-ahkEryykQ_Q/m=_c,_t,_b:33672
[ 2089494ms] [ERROR] focusgroup requires a recognized behavior token (toolbar, tablist, radiogroup, listbox, menu, menubar). @ https://www.gstatic.com/_/awn-essentials-mss/_/js/k=awn-essentials-mss.essentials_sharded_localization.es.cyR8x4g9en0.es6.O/d=1/br=1/wt=0/rs=AIw_rMqeZVJ4OnnDIIFLXN-ahkEryykQ_Q/m=_c,_t,_b:33682
[ 2089494ms] [ERROR] focusgroup requires a recognized behavior token (toolbar, tablist, radiogroup, listbox, menu, menubar). @ https://www.gstatic.com/_/awn-essentials-mss/_/js/k=awn-essentials-mss.essentials_sharded_localization.es.cyR8x4g9en0.es6.O/d=1/br=1/wt=0/rs=AIw_rMqeZVJ4OnnDIIFLXN-ahkEryykQ_Q/m=_c,_t,_b:33672
[ 2089494ms] [ERROR] focusgroup requires a recognized behavior token (toolbar, tablist, radiogroup, listbox, menu, menubar). @ https://www.gstatic.com/_/awn-essentials-mss/_/js/k=awn-essentials-mss.essentials_sharded_localization.es.cyR8x4g9en0.es6.O/d=1/br=1/wt=0/rs=AIw_rMqeZVJ4OnnDIIFLXN-ahkEryykQ_Q/m=_c,_t,_b:33682
[ 2089495ms] [ERROR] focusgroup requires a recognized behavior token (toolbar, tablist, radiogroup, listbox, menu, menubar). @ https://www.gstatic.com/_/awn-essentials-mss/_/js/k=awn-essentials-mss.essentials_sharded_localization.es.cyR8x4g9en0.es6.O/d=1/br=1/wt=0/rs=AIw_rMqeZVJ4OnnDIIFLXN-ahkEryykQ_Q/m=_c,_t,_b:33672
[ 2089495ms] [ERROR] focusgroup requires a recognized behavior token (toolbar, tablist, radiogroup, listbox, menu, menubar). @ https://www.gstatic.com/_/awn-essentials-mss/_/js/k=awn-essentials-mss.essentials_sharded_localization.es.cyR8x4g9en0.es6.O/d=1/br=1/wt=0/rs=AIw_rMqeZVJ4OnnDIIFLXN-ahkEryykQ_Q/m=_c,_t,_b:33682
[ 2089496ms] [ERROR] focusgroup requires a recognized behavior token (toolbar, tablist, radiogroup, listbox, menu, menubar). @ https://www.gstatic.com/_/awn-essentials-mss/_/js/k=awn-essentials-mss.essentials_sharded_localization.es.cyR8x4g9en0.es6.O/d=1/br=1/wt=0/rs=AIw_rMqeZVJ4OnnDIIFLXN-ahkEryykQ_Q/m=_c,_t,_b:33672
[ 2089496ms] [ERROR] focusgroup requires a recognized behavior token (toolbar, tablist, radiogroup, listbox, menu, menubar). @ https://www.gstatic.com/_/awn-essentials-mss/_/js/k=awn-essentials-mss.essentials_sharded_localization.es.cyR8x4g9en0.es6.O/d=1/br=1/wt=0/rs=AIw_rMqeZVJ4OnnDIIFLXN-ahkEryykQ_Q/m=_c,_t,_b:33682
[ 2089496ms] [ERROR] focusgroup requires a recognized behavior token (toolbar, tablist, radiogroup, listbox, menu, menubar). @ https://www.gstatic.com/_/awn-essentials-mss/_/js/k=awn-essentials-mss.essentials_sharded_localization.es.cyR8x4g9en0.es6.O/d=1/br=1/wt=0/rs=AIw_rMqeZVJ4OnnDIIFLXN-ahkEryykQ_Q/m=_c,_t,_b:33672
[ 2089497ms] [ERROR] focusgroup requires a recognized behavior token (toolbar, tablist, radiogroup, listbox, menu, menubar). @ https://www.gstatic.com/_/awn-essentials-mss/_/js/k=awn-essentials-mss.essentials_sharded_localization.es.cyR8x4g9en0.es6.O/d=1/br=1/wt=0/rs=AIw_rMqeZVJ4OnnDIIFLXN-ahkEryykQ_Q/m=_c,_t,_b:33682
[ 2089497ms] [ERROR] focusgroup requires a recognized behavior token (toolbar, tablist, radiogroup, listbox, menu, menubar). @ https://www.gstatic.com/_/awn-essentials-mss/_/js/k=awn-essentials-mss.essentials_sharded_localization.es.cyR8x4g9en0.es6.O/d=1/br=1/wt=0/rs=AIw_rMqeZVJ4OnnDIIFLXN-ahkEryykQ_Q/m=_c,_t,_b:33672
[ 2089497ms] [ERROR] focusgroup requires a recognized behavior token (toolbar, tablist, radiogroup, listbox, menu, menubar). @ https://www.gstatic.com/_/awn-essentials-mss/_/js/k=awn-essentials-mss.essentials_sharded_localization.es.cyR8x4g9en0.es6.O/d=1/br=1/wt=0/rs=AIw_rMqeZVJ4OnnDIIFLXN-ahkEryykQ_Q/m=_c,_t,_b:33682
[ 2089498ms] [ERROR] focusgroup requires a recognized behavior token (toolbar, tablist, radiogroup, listbox, menu, menubar). @ https://www.gstatic.com/_/awn-essentials-mss/_/js/k=awn-essentials-mss.essentials_sharded_localization.es.cyR8x4g9en0.es6.O/d=1/br=1/wt=0/rs=AIw_rMqeZVJ4OnnDIIFLXN-ahkEryykQ_Q/m=_c,_t,_b:33672
[ 2089498ms] [ERROR] focusgroup requires a recognized behavior token (toolbar, tablist, radiogroup, listbox, menu, menubar). @ https://www.gstatic.com/_/awn-essentials-mss/_/js/k=awn-essentials-mss.essentials_sharded_localization.es.cyR8x4g9en0.es6.O/d=1/br=1/wt=0/rs=AIw_rMqeZVJ4OnnDIIFLXN-ahkEryykQ_Q/m=_c,_t,_b:33682
[ 2089499ms] [ERROR] focusgroup requires a recognized behavior token (toolbar, tablist, radiogroup, listbox, menu, menubar). @ https://www.gstatic.com/_/awn-essentials-mss/_/js/k=awn-essentials-mss.essentials_sharded_localization.es.cyR8x4g9en0.es6.O/d=1/br=1/wt=0/rs=AIw_rMqeZVJ4OnnDIIFLXN-ahkEryykQ_Q/m=_c,_t,_b:33672
[ 2089499ms] [ERROR] focusgroup requires a recognized behavior token (toolbar, tablist, radiogroup, listbox, menu, menubar). @ https://www.gstatic.com/_/awn-essentials-mss/_/js/k=awn-essentials-mss.essentials_sharded_localization.es.cyR8x4g9en0.es6.O/d=1/br=1/wt=0/rs=AIw_rMqeZVJ4OnnDIIFLXN-ahkEryykQ_Q/m=_c,_t,_b:33682
[ 2089500ms] [ERROR] focusgroup requires a recognized behavior token (toolbar, tablist, radiogroup, listbox, menu, menubar). @ https://www.gstatic.com/_/awn-essentials-mss/_/js/k=awn-essentials-mss.essentials_sharded_localization.es.cyR8x4g9en0.es6.O/d=1/br=1/wt=0/rs=AIw_rMqeZVJ4OnnDIIFLXN-ahkEryykQ_Q/m=_c,_t,_b:33672
[ 2089500ms] [ERROR] focusgroup requires a recognized behavior token (toolbar, tablist, radiogroup, listbox, menu, menubar). @ https://www.gstatic.com/_/awn-essentials-mss/_/js/k=awn-essentials-mss.essentials_sharded_localization.es.cyR8x4g9en0.es6.O/d=1/br=1/wt=0/rs=AIw_rMqeZVJ4OnnDIIFLXN-ahkEryykQ_Q/m=_c,_t,_b:33682
[ 2089501ms] [ERROR] focusgroup requires a recognized behavior token (toolbar, tablist, radiogroup, listbox, menu, menubar). @ https://www.gstatic.com/_/awn-essentials-mss/_/js/k=awn-essentials-mss.essentials_sharded_localization.es.cyR8x4g9en0.es6.O/d=1/br=1/wt=0/rs=AIw_rMqeZVJ4OnnDIIFLXN-ahkEryykQ_Q/m=_c,_t,_b:33672
[ 2089502ms] [ERROR] focusgroup requires a recognized behavior token (toolbar, tablist, radiogroup, listbox, menu, menubar). @ https://www.gstatic.com/_/awn-essentials-mss/_/js/k=awn-essentials-mss.essentials_sharded_localization.es.cyR8x4g9en0.es6.O/d=1/br=1/wt=0/rs=AIw_rMqeZVJ4OnnDIIFLXN-ahkEryykQ_Q/m=_c,_t,_b:33682
[ 2089502ms] [ERROR] focusgroup requires a recognized behavior token (toolbar, tablist, radiogroup, listbox, menu, menubar). @ https://www.gstatic.com/_/awn-essentials-mss/_/js/k=awn-essentials-mss.essentials_sharded_localization.es.cyR8x4g9en0.es6.O/d=1/br=1/wt=0/rs=AIw_rMqeZVJ4OnnDIIFLXN-ahkEryykQ_Q/m=_c,_t,_b:33672
[ 2089503ms] [ERROR] focusgroup requires a recognized behavior token (toolbar, tablist, radiogroup, listbox, menu, menubar). @ https://www.gstatic.com/_/awn-essentials-mss/_/js/k=awn-essentials-mss.essentials_sharded_localization.es.cyR8x4g9en0.es6.O/d=1/br=1/wt=0/rs=AIw_rMqeZVJ4OnnDIIFLXN-ahkEryykQ_Q/m=_c,_t,_b:33682
[ 2089503ms] [ERROR] focusgroup requires a recognized behavior token (toolbar, tablist, radiogroup, listbox, menu, menubar). @ https://www.gstatic.com/_/awn-essentials-mss/_/js/k=awn-essentials-mss.essentials_sharded_localization.es.cyR8x4g9en0.es6.O/d=1/br=1/wt=0/rs=AIw_rMqeZVJ4OnnDIIFLXN-ahkEryykQ_Q/m=_c,_t,_b:33672
[ 2089504ms] [ERROR] focusgroup requires a recognized behavior token (toolbar, tablist, radiogroup, listbox, menu, menubar). @ https://www.gstatic.com/_/awn-essentials-mss/_/js/k=awn-essentials-mss.essentials_sharded_localization.es.cyR8x4g9en0.es6.O/d=1/br=1/wt=0/rs=AIw_rMqeZVJ4OnnDIIFLXN-ahkEryykQ_Q/m=_c,_t,_b:33682
[ 2099313ms] [ERROR] focusgroup requires a recognized behavior token (toolbar, tablist, radiogroup, listbox, menu, menubar). @ https://www.gstatic.com/_/awn-essentials-mss/_/js/k=awn-essentials-mss.essentials_sharded_localization.es.cyR8x4g9en0.es6.O/d=1/br=1/wt=0/rs=AIw_rMqeZVJ4OnnDIIFLXN-ahkEryykQ_Q/m=_c,_t,_b:33672
[ 2099314ms] [ERROR] focusgroup requires a recognized behavior token (toolbar, tablist, radiogroup, listbox, menu, menubar). @ https://www.gstatic.com/_/awn-essentials-mss/_/js/k=awn-essentials-mss.essentials_sharded_localization.es.cyR8x4g9en0.es6.O/d=1/br=1/wt=0/rs=AIw_rMqeZVJ4OnnDIIFLXN-ahkEryykQ_Q/m=_c,_t,_b:33682
[ 2112397ms] [WARNING] No available adapters. @ https://ads.google.com/aw/keywords/searchterms?campaignId=8079692809&ocid=352199970&workspaceId=0&euid=753051536&__u=4291234064&uscid=352199970&__c=4148624530&authuser=1:0
[ 2292505ms] [WARNING] No available adapters. @ https://ads.google.com/aw/keywords/searchterms?campaignId=8079692809&ocid=352199970&workspaceId=0&euid=753051536&__u=4291234064&uscid=352199970&__c=4148624530&authuser=1:0
[ 2472384ms] [WARNING] No available adapters. @ https://ads.google.com/aw/keywords/searchterms?campaignId=8079692809&ocid=352199970&workspaceId=0&euid=753051536&__u=4291234064&uscid=352199970&__c=4148624530&authuser=1:0
