[    1708ms] [WARNING] Failed to inject root provider minified:aFK: Invalid argument(s): No provider found for minified:amu @ https://www.gstatic.com/awn/conversions/awn_conversions_ui_auto_20260720-0623_RC000/aw_conversions/main.dart.js:86795
[    2295ms] [WARNING] No available adapters. @ https://ads.google.com/aw/conversions/detail?ocid=352199970&euid=753051536&__u=4291234064&uscid=352199970&__c=4148624530&authuser=1:0
[   12636ms] [WARNING] Failed to inject root provider minified:a7Q: Invalid argument(s): No provider found for minified:eaE('') @ https://www.gstatic.com/awn/conversions/awn_conversions_ui_auto_20260720-0623_RC000/aw_conversions/main.dart.js:86795
[   12636ms] [WARNING] Failed to inject root provider minified:aoq: Invalid argument(s): No provider found for minified:a27 @ https://www.gstatic.com/awn/conversions/awn_conversions_ui_auto_20260720-0623_RC000/aw_conversions/main.dart.js:86795
[   12637ms] [WARNING] Failed to inject root provider minified:a7Q: Invalid argument(s): No provider found for minified:eaE('') @ https://www.gstatic.com/awn/conversions/awn_conversions_ui_auto_20260720-0623_RC000/aw_conversions/main.dart.js:86795
[   12637ms] [WARNING] Failed to inject root provider minified:ayU: Invalid argument(s): No provider found for minified:amu @ https://www.gstatic.com/awn/conversions/awn_conversions_ui_auto_20260720-0623_RC000/aw_conversions/main.dart.js:86795
[   12640ms] [WARNING] Failed to inject root provider minified:aQ5: Invalid argument(s): No provider found for minified:amu @ https://www.gstatic.com/awn/conversions/awn_conversions_ui_auto_20260720-0623_RC000/aw_conversions/main.dart.js:86795
[   12645ms] [ERROR] [CONVERSIONS] 2026-07-21 20:47:41.454 SEVERE 0 ActivityContext Neither name nor overrideName were set! Did you forget to add ActivityContextDirective to directives? Or to set the name in the constructor?; autogenerated stack trace for SEVERE Neither name nor overrideName were set! Did you forget to add ActivityContextDirective to directives? Or to set the name in the constructor?
Error
    at Object.o3 (https://www.gstatic.com/awn/conversions/awn_conversions_ui_auto_20260720-0623_RC000/aw_conversions/main.dart.js:4133:18)
    at bRv.aJ (https://www.gstatic.com/awn/conversions/awn_conversions_ui_auto_20260720-0623_RC000/aw_conversions/main.dart.js:73809:45)
    at bRv.El (https://www.gstatic.com/awn/conversions/awn_conversions_ui_auto_20260720-0623_RC000/aw_conversions/main.dart.js:73815:21)
    at aC.gaD (https://www.gstatic.com/awn/conversions/awn_conversions_ui_auto_20260720-0623_RC000/aw_conversions/main.dart.js:47541:36)
    at aC.cvy (https://www.gstatic.com/awn/conversions/awn_conversions_ui_auto_20260720-0623_RC000/aw_conversions/main.dart.js:47548:6)
    at aC.gO2 (https://www.gstatic.com/awn/conversions/awn_conversions_ui_auto_20260720-0623_RC000/aw_conversions/main.dart.js:47546:28)
    at afY.c_k (https://www.gstatic.com/awn/conversions/awn_conversions_ui_auto_20260720-0623_RC000/aw_conversions/main.dart.js.bundle.ghost_app_deps.js:144715:25)
    at qS.ac (https://www.gstatic.com/awn/conversions/awn_conversions_ui_auto_20260720-0623_RC000/aw_conversions/main.dart.js_2459.part.js:13:33)
    at fbu.u (https://www.gstatic.com/awn/conversions/awn_conversions_ui_auto_20260720-0623_RC000/aw_conversions/main.dart.js_1519.part.js:21403:10)
    at fbu.H (https://www.gstatic.com/awn/conversions/awn_conversions_ui_auto_20260720-0623_RC000/aw_conversions/main.dart.js:86373:10)
URL=https://ads.google.com/aw/conversions/detail?ocid=352199970&euid=753051536&__u=4291234064&uscid=352199970&__c=4148624530&authuser=1 @ https://www.gstatic.com/awn/conversions/awn_conversions_ui_auto_20260720-0623_RC000/aw_conversions/main.dart.js:43016
[   12655ms] [WARNING] Failed to inject root provider minified:aQ5: Invalid argument(s): No provider found for minified:amu @ https://www.gstatic.com/awn/conversions/awn_conversions_ui_auto_20260720-0623_RC000/aw_conversions/main.dart.js:86795
[   12673ms] [WARNING] Failed to inject root provider minified:aQ5: Invalid argument(s): No provider found for minified:amu @ https://www.gstatic.com/awn/conversions/awn_conversions_ui_auto_20260720-0623_RC000/aw_conversions/main.dart.js:86795
[   12679ms] [WARNING] Failed to inject root provider minified:aQ5: Invalid argument(s): No provider found for minified:amu @ https://www.gstatic.com/awn/conversions/awn_conversions_ui_auto_20260720-0623_RC000/aw_conversions/main.dart.js:86795
[   12684ms] [WARNING] Failed to inject root provider minified:aQ5: Invalid argument(s): No provider found for minified:amu @ https://www.gstatic.com/awn/conversions/awn_conversions_ui_auto_20260720-0623_RC000/aw_conversions/main.dart.js:86795
[   12688ms] [WARNING] Failed to inject root provider minified:aQ5: Invalid argument(s): No provider found for minified:amu @ https://www.gstatic.com/awn/conversions/awn_conversions_ui_auto_20260720-0623_RC000/aw_conversions/main.dart.js:86795
[   12692ms] [WARNING] Failed to inject root provider minified:aQ5: Invalid argument(s): No provider found for minified:amu @ https://www.gstatic.com/awn/conversions/awn_conversions_ui_auto_20260720-0623_RC000/aw_conversions/main.dart.js:86795
[   12696ms] [WARNING] Failed to inject root provider minified:aQ5: Invalid argument(s): No provider found for minified:amu @ https://www.gstatic.com/awn/conversions/awn_conversions_ui_auto_20260720-0623_RC000/aw_conversions/main.dart.js:86795
[   12701ms] [WARNING] Failed to inject root provider minified:aQ5: Invalid argument(s): No provider found for minified:amu @ https://www.gstatic.com/awn/conversions/awn_conversions_ui_auto_20260720-0623_RC000/aw_conversions/main.dart.js:86795
[   12705ms] [WARNING] Failed to inject root provider minified:aQ5: Invalid argument(s): No provider found for minified:amu @ https://www.gstatic.com/awn/conversions/awn_conversions_ui_auto_20260720-0623_RC000/aw_conversions/main.dart.js:86795
[   14318ms] [INFO] Autofocus processing was blocked because a document already has a focused element. @ https://ads.google.com/aw/conversions/detail?ocid=352199970&euid=753051536&__u=4291234064&uscid=352199970&__c=4148624530&authuser=1:0
